cli.c:110:6:cliInit	8	static
cli.c:135:6:cliOpen	16	static
cli.c:145:6:cliOpenLog	24	static
cli.c:161:6:cliLogClose	4	static
cli.c:167:6:cliShowLog	24	static
cli.c:187:6:cliShowPrompt	16	static
cli.c:193:6:cliMain	8	static
cli.c:208:6:cliUpdate	56	static
cli.c:421:6:cliLineClean	16	static
cli.c:429:6:cliLineAdd	32	static
cli.c:444:6:cliLineChange	40	static
cli.c:487:6:cliRunCmd	24	static
cli.c:513:6:cliParseArgs	40	static
cli.c:548:6:cliPrintf	24	static
cli.c:562:6:cliToUpper	24	static
cli.c:589:9:cliArgsGetData	24	static
cli.c:610:7:cliArgsGetFloat	24	static
cli.c:626:7:cliArgsGetStr	24	static
cli.c:642:6:cliArgsIsStr	24	static
cli.c:661:6:cliKeepLoop	16	static
cli.c:676:6:cliAdd	32	static
cli.c:699:6:cliShowList	24	static
cli.c:716:6:cliMemoryDump	56	static
