Archive member included to satisfy reference by file (symbol)

c:/st/stm32cubeide_1.4.0/stm32cubeide/plugins/com.st.stm32cube.ide.mcu.externaltools.gnu-tools-for-stm32.7-2018-q2-update.win32_1.4.0.202007081208/tools/bin/../lib/gcc/arm-none-eabi/7.3.1/../../../../arm-none-eabi/lib/thumb/v7-m\libc_nano.a(lib_a-errno.o)
                              src/bsp/syscalls.o (__errno)
c:/st/stm32cubeide_1.4.0/stm32cubeide/plugins/com.st.stm32cube.ide.mcu.externaltools.gnu-tools-for-stm32.7-2018-q2-update.win32_1.4.0.202007081208/tools/bin/../lib/gcc/arm-none-eabi/7.3.1/../../../../arm-none-eabi/lib/thumb/v7-m\libc_nano.a(lib_a-exit.o)
                              c:/st/stm32cubeide_1.4.0/stm32cubeide/plugins/com.st.stm32cube.ide.mcu.externaltools.gnu-tools-for-stm32.7-2018-q2-update.win32_1.4.0.202007081208/tools/bin/../lib/gcc/arm-none-eabi/7.3.1/../../../../arm-none-eabi/lib/thumb/v7-m/crt0.o (exit)
c:/st/stm32cubeide_1.4.0/stm32cubeide/plugins/com.st.stm32cube.ide.mcu.externaltools.gnu-tools-for-stm32.7-2018-q2-update.win32_1.4.0.202007081208/tools/bin/../lib/gcc/arm-none-eabi/7.3.1/../../../../arm-none-eabi/lib/thumb/v7-m\libc_nano.a(lib_a-impure.o)
                              c:/st/stm32cubeide_1.4.0/stm32cubeide/plugins/com.st.stm32cube.ide.mcu.externaltools.gnu-tools-for-stm32.7-2018-q2-update.win32_1.4.0.202007081208/tools/bin/../lib/gcc/arm-none-eabi/7.3.1/../../../../arm-none-eabi/lib/thumb/v7-m\libc_nano.a(lib_a-exit.o) (_global_impure_ptr)
c:/st/stm32cubeide_1.4.0/stm32cubeide/plugins/com.st.stm32cube.ide.mcu.externaltools.gnu-tools-for-stm32.7-2018-q2-update.win32_1.4.0.202007081208/tools/bin/../lib/gcc/arm-none-eabi/7.3.1/../../../../arm-none-eabi/lib/thumb/v7-m\libc_nano.a(lib_a-init.o)
                              c:/st/stm32cubeide_1.4.0/stm32cubeide/plugins/com.st.stm32cube.ide.mcu.externaltools.gnu-tools-for-stm32.7-2018-q2-update.win32_1.4.0.202007081208/tools/bin/../lib/gcc/arm-none-eabi/7.3.1/../../../../arm-none-eabi/lib/thumb/v7-m/crt0.o (__libc_init_array)
c:/st/stm32cubeide_1.4.0/stm32cubeide/plugins/com.st.stm32cube.ide.mcu.externaltools.gnu-tools-for-stm32.7-2018-q2-update.win32_1.4.0.202007081208/tools/bin/../lib/gcc/arm-none-eabi/7.3.1/../../../../arm-none-eabi/lib/thumb/v7-m\libc_nano.a(lib_a-memset.o)
                              c:/st/stm32cubeide_1.4.0/stm32cubeide/plugins/com.st.stm32cube.ide.mcu.externaltools.gnu-tools-for-stm32.7-2018-q2-update.win32_1.4.0.202007081208/tools/bin/../lib/gcc/arm-none-eabi/7.3.1/../../../../arm-none-eabi/lib/thumb/v7-m/crt0.o (memset)
c:/st/stm32cubeide_1.4.0/stm32cubeide/plugins/com.st.stm32cube.ide.mcu.externaltools.gnu-tools-for-stm32.7-2018-q2-update.win32_1.4.0.202007081208/tools/bin/../lib/gcc/arm-none-eabi/7.3.1/../../../../arm-none-eabi/lib/thumb/v7-m\libc_nano.a(lib_a-strcmp.o)
                              src/hw/driver/cli.o (strcmp)
c:/st/stm32cubeide_1.4.0/stm32cubeide/plugins/com.st.stm32cube.ide.mcu.externaltools.gnu-tools-for-stm32.7-2018-q2-update.win32_1.4.0.202007081208/tools/bin/../lib/gcc/arm-none-eabi/7.3.1/../../../../arm-none-eabi/lib/thumb/v7-m\libc_nano.a(lib_a-strcpy.o)
                              src/hw/driver/cli.o (strcpy)
c:/st/stm32cubeide_1.4.0/stm32cubeide/plugins/com.st.stm32cube.ide.mcu.externaltools.gnu-tools-for-stm32.7-2018-q2-update.win32_1.4.0.202007081208/tools/bin/../lib/gcc/arm-none-eabi/7.3.1/../../../../arm-none-eabi/lib/thumb/v7-m\libc_nano.a(lib_a-strtod.o)
                              src/hw/driver/cli.o (strtof)
c:/st/stm32cubeide_1.4.0/stm32cubeide/plugins/com.st.stm32cube.ide.mcu.externaltools.gnu-tools-for-stm32.7-2018-q2-update.win32_1.4.0.202007081208/tools/bin/../lib/gcc/arm-none-eabi/7.3.1/../../../../arm-none-eabi/lib/thumb/v7-m\libc_nano.a(lib_a-strtok_r.o)
                              src/hw/driver/cli.o (strtok_r)
c:/st/stm32cubeide_1.4.0/stm32cubeide/plugins/com.st.stm32cube.ide.mcu.externaltools.gnu-tools-for-stm32.7-2018-q2-update.win32_1.4.0.202007081208/tools/bin/../lib/gcc/arm-none-eabi/7.3.1/../../../../arm-none-eabi/lib/thumb/v7-m\libc_nano.a(lib_a-strtoul.o)
                              src/hw/driver/cli.o (strtoul)
c:/st/stm32cubeide_1.4.0/stm32cubeide/plugins/com.st.stm32cube.ide.mcu.externaltools.gnu-tools-for-stm32.7-2018-q2-update.win32_1.4.0.202007081208/tools/bin/../lib/gcc/arm-none-eabi/7.3.1/../../../../arm-none-eabi/lib/thumb/v7-m\libc_nano.a(lib_a-vsnprintf.o)
                              src/hw/driver/cli.o (vsnprintf)
c:/st/stm32cubeide_1.4.0/stm32cubeide/plugins/com.st.stm32cube.ide.mcu.externaltools.gnu-tools-for-stm32.7-2018-q2-update.win32_1.4.0.202007081208/tools/bin/../lib/gcc/arm-none-eabi/7.3.1/../../../../arm-none-eabi/lib/thumb/v7-m\libc_nano.a(lib_a-gdtoa-gethex.o)
[...]
Memory Configuration

Name             Origin             Length             Attributes
RAM              0x0000000020000000 0x0000000000005000 xrw
ROM              0x0000000008000000 0x0000000000010000 xr
*default*        0x0000000000000000 0xffffffffffffffff

Linker script and memory map

LOAD c:/st/stm32cubeide_1.4.0/stm32cubeide/plugins/com.st.stm32cube.ide.mcu.externaltools.gnu-tools-for-stm32.7-2018-q2-update.win32_1.4.0.202007081208/tools/bin/../lib/gcc/arm-none-eabi/7.3.1/thumb/v7-m/crti.o
LOAD c:/st/stm32cubeide_1.4.0/stm32cubeide/plugins/com.st.stm32cube.ide.mcu.externaltools.gnu-tools-for-stm32.7-2018-q2-update.win32_1.4.0.202007081208/tools/bin/../lib/gcc/arm-none-eabi/7.3.1/thumb/v7-m/crtbegin.o
LOAD c:/st/stm32cubeide_1.4.0/stm32cubeide/plugins/com.st.stm32cube.ide.mcu.externaltools.gnu-tools-for-stm32.7-2018-q2-update.win32_1.4.0.202007081208/tools/bin/../lib/gcc/arm-none-eabi/7.3.1/../../../../arm-none-eabi/lib/thumb/v7-m/crt0.o
LOAD src/ap/ap.o
LOAD src/bsp/bsp.o
LOAD src/bsp/stm32f1xx_hal_msp.o
LOAD src/bsp/stm32f1xx_it.o
LOAD src/bsp/syscalls.o
LOAD src/bsp/sysmem.o
LOAD src/bsp/system_stm32f1xx.o
LOAD src/bsp/startup/startup_stm32f103c8tx.o
LOAD src/common/core/qbuffer.o
LOAD src/hw/driver/cli.o
LOAD src/hw/driver/flash.o
LOAD src/hw/driver/led.o
LOAD src/hw/driver/reset.o
LOAD src/hw/driver/rtc.o
LOAD src/hw/driver/uart.o
LOAD src/hw/driver/usb.o
LOAD src/hw/hw.o
LOAD src/lib/cube_f103/Drivers/STM32F1xx_HAL_Driver/Src/stm32f1xx_hal.o
LOAD src/lib/cube_f103/Drivers/STM32F1xx_HAL_Driver/Src/stm32f1xx_hal_cortex.o
LOAD src/lib/cube_f103/Drivers/STM32F1xx_HAL_Driver/Src/stm32f1xx_hal_dma.o
LOAD src/lib/cube_f103/Drivers/STM32F1xx_HAL_Driver/Src/stm32f1xx_hal_exti.o
LOAD src/lib/cube_f103/Drivers/STM32F1xx_HAL_Driver/Src/stm32f1xx_hal_flash.o
LOAD src/lib/cube_f103/Drivers/STM32F1xx_HAL_Driver/Src/stm32f1xx_hal_flash_ex.o
LOAD src/lib/cube_f103/Drivers/STM32F1xx_HAL_Driver/Src/stm32f1xx_hal_gpio.o
LOAD src/lib/cube_f103/Drivers/STM32F1xx_HAL_Driver/Src/stm32f1xx_hal_gpio_ex.o
LOAD src/lib/cube_f103/Drivers/STM32F1xx_HAL_Driver/Src/stm32f1xx_hal_pcd.o
LOAD src/lib/cube_f103/Drivers/STM32F1xx_HAL_Driver/Src/stm32f1xx_hal_pcd_ex.o
LOAD src/lib/cube_f103/Drivers/STM32F1xx_HAL_Driver/Src/stm32f1xx_hal_pwr.o
LOAD src/lib/cube_f103/Drivers/STM32F1xx_HAL_Driver/Src/stm32f1xx_hal_rcc.o
LOAD src/lib/cube_f103/Drivers/STM32F1xx_HAL_Driver/Src/stm32f1xx_hal_rcc_ex.o
LOAD src/lib/cube_f103/Drivers/STM32F1xx_HAL_Driver/Src/stm32f1xx_hal_rtc.o
LOAD src/lib/cube_f103/Drivers/STM32F1xx_HAL_Driver/Src/stm32f1xx_hal_rtc_ex.o
LOAD src/lib/cube_f103/Drivers/STM32F1xx_HAL_Driver/Src/stm32f1xx_hal_tim.o
LOAD src/lib/cube_f103/Drivers/STM32F1xx_HAL_Driver/Src/stm32f1xx_hal_tim_ex.o
LOAD src/lib/cube_f103/Drivers/STM32F1xx_HAL_Driver/Src/stm32f1xx_hal_uart.o
LOAD src/lib/cube_f103/Drivers/STM32F1xx_HAL_Driver/Src/stm32f1xx_ll_usb.o
LOAD src/lib/cube_f103/Middlewares/ST/STM32_USB_Device_Library/Class/CDC/Src/usbd_cdc.o
LOAD src/lib/cube_f103/Middlewares/ST/STM32_USB_Device_Library/Core/Src/usbd_core.o
LOAD src/lib/cube_f103/Middlewares/ST/STM32_USB_Device_Library/Core/Src/usbd_ctlreq.o
LOAD src/lib/cube_f103/Middlewares/ST/STM32_USB_Device_Library/Core/Src/usbd_ioreq.o
LOAD src/lib/cube_f103/USB_DEVICE/App/usb_device.o
LOAD src/lib/cube_f103/USB_DEVICE/App/usbd_cdc_if.o
LOAD src/lib/cube_f103/USB_DEVICE/App/usbd_desc.o
LOAD src/lib/cube_f103/USB_DEVICE/Target/usbd_conf.o
LOAD src/lib/main.o
START GROUP
LOAD c:/st/stm32cubeide_1.4.0/stm32cubeide/plugins/com.st.stm32cube.ide.mcu.externaltools.gnu-tools-for-stm32.7-2018-q2-update.win32_1.4.0.202007081208/tools/bin/../lib/gcc/arm-none-eabi/7.3.1/../../../../arm-none-eabi/lib/thumb/v7-m\libc_nano.a
LOAD c:/st/stm32cubeide_1.4.0/stm32cubeide/plugins/com.st.stm32cube.ide.mcu.externaltools.gnu-tools-for-stm32.7-2018-q2-update.win32_1.4.0.202007081208/tools/bin/../lib/gcc/arm-none-eabi/7.3.1/../../../../arm-none-eabi/lib/thumb/v7-m\libm.a
END GROUP
START GROUP
LOAD c:/st/stm32cubeide_1.4.0/stm32cubeide/plugins/com.st.stm32cube.ide.mcu.externaltools.gnu-tools-for-stm32.7-2018-q2-update.win32_1.4.0.202007081208/tools/bin/../lib/gcc/arm-none-eabi/7.3.1/thumb/v7-m\libgcc.a
LOAD c:/st/stm32cubeide_1.4.0/stm32cubeide/plugins/com.st.stm32cube.ide.mcu.externaltools.gnu-tools-for-stm32.7-2018-q2-update.win32_1.4.0.202007081208/tools/bin/../lib/gcc/arm-none-eabi/7.3.1/../../../../arm-none-eabi/lib/thumb/v7-m\libc_nano.a
END GROUP
START GROUP
LOAD c:/st/stm32cubeide_1.4.0/stm32cubeide/plugins/com.st.stm32cube.ide.mcu.externaltools.gnu-tools-for-stm32.7-2018-q2-update.win32_1.4.0.202007081208/tools/bin/../lib/gcc/arm-none-eabi/7.3.1/thumb/v7-m\libgcc.a
LOAD c:/st/stm32cubeide_1.4.0/stm32cubeide/plugins/com.st.stm32cube.ide.mcu.externaltools.gnu-tools-for-stm32.7-2018-q2-update.win32_1.4.0.202007081208/tools/bin/../lib/gcc/arm-none-eabi/7.3.1/../../../../arm-none-eabi/lib/thumb/v7-m\libc_nano.a
LOAD c:/st/stm32cubeide_1.4.0/stm32cubeide/plugins/com.st.stm32cube.ide.mcu.externaltools.gnu-tools-for-stm32.7-2018-q2-update.win32_1.4.0.202007081208/tools/bin/../lib/gcc/arm-none-eabi/7.3.1/../../../../arm-none-eabi/lib/thumb/v7-m\libnosys.a
END GROUP
START GROUP
LOAD c:/st/stm32cubeide_1.4.0/stm32cubeide/plugins/com.st.stm32cube.ide.mcu.externaltools.gnu-tools-for-stm32.7-2018-q2-update.win32_1.4.0.202007081208/tools/bin/../lib/gcc/arm-none-eabi/7.3.1/thumb/v7-m\libgcc.a
LOAD c:/st/stm32cubeide_1.4.0/stm32cubeide/plugins/com.st.stm32cube.ide.mcu.externaltools.gnu-tools-for-stm32.7-2018-q2-update.win32_1.4.0.202007081208/tools/bin/../lib/gcc/arm-none-eabi/7.3.1/../../../../arm-none-eabi/lib/thumb/v7-m\libc_nano.a
LOAD c:/st/stm32cubeide_1.4.0/stm32cubeide/plugins/com.st.stm32cube.ide.mcu.externaltools.gnu-tools-for-stm32.7-2018-q2-update.win32_1.4.0.202007081208/tools/bin/../lib/gcc/arm-none-eabi/7.3.1/../../../../arm-none-eabi/lib/thumb/v7-m\libnosys.a
END GROUP
LOAD c:/st/stm32cubeide_1.4.0/stm32cubeide/plugins/com.st.stm32cube.ide.mcu.externaltools.gnu-tools-for-stm32.7-2018-q2-update.win32_1.4.0.202007081208/tools/bin/../lib/gcc/arm-none-eabi/7.3.1/thumb/v7-m/crtend.o
LOAD c:/st/stm32cubeide_1.4.0/stm32cubeide/plugins/com.st.stm32cube.ide.mcu.externaltools.gnu-tools-for-stm32.7-2018-q2-update.win32_1.4.0.202007081208/tools/bin/../lib/gcc/arm-none-eabi/7.3.1/thumb/v7-m/crtn.o
                0x0000000020005000                _estack = (ORIGIN (RAM) + LENGTH (RAM))
                0x0000000000000200                _Min_Heap_Size = 0x200
                0x0000000000000400                _Min_Stack_Size = 0x400

.isr_vector     0x0000000008000000      0x10c
                0x0000000008000000                . = ALIGN (0x4)
 *(.isr_vector)
 .isr_vector    0x0000000008000000      0x10c src/bsp/startup/startup_stm32f103c8tx.o
                0x0000000008000000                g_pfnVectors
                0x000000000800010c                . = ALIGN (0x4)

.text           0x0000000008000110     0xccf4
                0x0000000008000110                . = ALIGN (0x4)
 *(.text)
 .text          0x0000000008000110       0x40 c:/st/stm32cubeide_1.4.0/stm32cubeide/plugins/com.st.stm32cube.ide.mcu.externaltools.gnu-tools-for-stm32.7-2018-q2-update.win32_1.4.0.202007081208/tools/bin/../lib/gcc/arm-none-eabi/7.3.1/thumb/v7-m/crtbegin.o
 .text          0x0000000008000150       0x14 c:/st/stm32cubeide_1.4.0/stm32cubeide/plugins/com.st.stm32cube.ide.mcu.externaltools.gnu-tools-for-stm32.7-2018-q2-update.win32_1.4.0.202007081208/tools/bin/../lib/gcc/arm-none-eabi/7.3.1/../../../../arm-none-eabi/lib/thumb/v7-m\libc_nano.a(lib_a-strcmp.o)
                0x0000000008000150                strcmp
 .text          0x0000000008000164       0x10 c:/st/stm32cubeide_1.4.0/stm32cubeide/plugins/com.st.stm32cube.ide.mcu.externaltools.gnu-tools-for-stm32.7-2018-q2-update.win32_1.4.0.202007081208/tools/bin/../lib/gcc/arm-none-eabi/7.3.1/../../../../arm-none-eabi/lib/thumb/v7-m\libc_nano.a(lib_a-strlen.o)
                0x0000000008000164                strlen
 .text          0x0000000008000174      0x378 c:/st/stm32cubeide_1.4.0/stm32cubeide/plugins/com.st.stm32cube.ide.mcu.externaltools.gnu-tools-for-stm32.7-2018-q2-update.win32_1.4.0.202007081208/tools/bin/../lib/gcc/arm-none-eabi/7.3.1/thumb/v7-m\libgcc.a(_arm_addsubdf3.o)
                0x0000000008000174                __aeabi_drsub
                0x000000000800017c                __aeabi_dsub
                0x000000000800017c                __subdf3
                0x0000000008000180                __aeabi_dadd
                0x0000000008000180                __adddf3
                0x00000000080003f8                __floatunsidf
                0x00000000080003f8                __aeabi_ui2d
                0x0000000008000418                __floatsidf
                0x0000000008000418                __aeabi_i2d
                0x000000000800043c                __aeabi_f2d
                0x000000000800043c                __extendsfdf2
                0x0000000008000480                __floatundidf
                0x0000000008000480                __aeabi_ul2d
                0x0000000008000490                __floatdidf
                0x0000000008000490                __aeabi_l2d
 .text          0x00000000080004ec      0x424 c:/st/stm32cubeide_1.4.0/stm32cubeide/plugins/com.st.stm32cube.ide.mcu.externaltools.gnu-tools-for-stm32.7-2018-q2-update.win32_1.4.0.202007081208/tools/bin/../lib/gcc/arm-none-eabi/7.3.1/thumb/v7-m\libgcc.a(_arm_muldivdf3.o)
                0x00000000080004ec                __aeabi_dmul
                0x00000000080004ec                __muldf3
                0x0000000008000740                __divdf3
                0x0000000008000740                __aeabi_ddiv
 .text          0x0000000008000910      0x110 c:/st/stm32cubeide_1.4.0/stm32cubeide/plugins/com.st.stm32cube.ide.mcu.externaltools.gnu-tools-for-stm32.7-2018-q2-update.win32_1.4.0.202007081208/tools/bin/../lib/gcc/arm-none-eabi/7.3.1/thumb/v7-m\libgcc.a(_arm_cmpdf2.o)
                0x0000000008000910                __gtdf2
                0x0000000008000910                __gedf2
                0x0000000008000918                __ltdf2
                0x0000000008000918                __ledf2
                0x0000000008000920                __nedf2
                0x0000000008000920                __eqdf2
                0x0000000008000920                __cmpdf2
                0x000000000800099c                __aeabi_cdrcmple
                0x00000000080009ac                __aeabi_cdcmpeq
                0x00000000080009ac                __aeabi_cdcmple
                0x00000000080009bc                __aeabi_dcmpeq
                0x00000000080009d0                __aeabi_dcmplt
                0x00000000080009e4                __aeabi_dcmple
                0x00000000080009f8                __aeabi_dcmpge
                0x0000000008000a0c                __aeabi_dcmpgt
 .text          0x0000000008000a20       0x2c c:/st/stm32cubeide_1.4.0/stm32cubeide/plugins/com.st.stm32cube.ide.mcu.externaltools.gnu-tools-for-stm32.7-2018-q2-update.win32_1.4.0.202007081208/tools/bin/../lib/gcc/arm-none-eabi/7.3.1/thumb/v7-m\libgcc.a(_arm_unorddf2.o)
                0x0000000008000a20                __unorddf2
                0x0000000008000a20                __aeabi_dcmpun
 .text          0x0000000008000a4c       0x50 c:/st/stm32cubeide_1.4.0/stm32cubeide/plugins/com.st.stm32cube.ide.mcu.externaltools.gnu-tools-for-stm32.7-2018-q2-update.win32_1.4.0.202007081208/tools/bin/../lib/gcc/arm-none-eabi/7.3.1/thumb/v7-m\libgcc.a(_arm_fixdfsi.o)
                0x0000000008000a4c                __aeabi_d2iz
                0x0000000008000a4c                __fixdfsi
 .text          0x0000000008000a9c       0x40 c:/st/stm32cubeide_1.4.0/stm32cubeide/plugins/com.st.stm32cube.ide.mcu.externaltools.gnu-tools-for-stm32.7-2018-q2-update.win32_1.4.0.202007081208/tools/bin/../lib/gcc/arm-none-eabi/7.3.1/thumb/v7-m\libgcc.a(_arm_fixunsdfsi.o)
                0x0000000008000a9c                __aeabi_d2uiz
                0x0000000008000a9c                __fixunsdfsi
 .text          0x0000000008000adc       0xa0 c:/st/stm32cubeide_1.4.0/stm32cubeide/plugins/com.st.stm32cube.ide.mcu.externaltools.gnu-tools-for-stm32.7-2018-q2-update.win32_1.4.0.202007081208/tools/bin/../lib/gcc/arm-none-eabi/7.3.1/thumb/v7-m\libgcc.a(_arm_truncdfsf2.o)
                0x0000000008000adc                __truncdfsf2
                0x0000000008000adc                __aeabi_d2f
 .text          0x0000000008000b7c       0xec c:/st/stm32cubeide_1.4.0/stm32cubeide/plugins/com.st.stm32cube.ide.mcu.externaltools.gnu-tools-for-stm32.7-2018-q2-update.win32_1.4.0.202007081208/tools/bin/../lib/gcc/arm-none-eabi/7.3.1/thumb/v7-m\libgcc.a(_arm_cmpsf2.o)
                0x0000000008000b7c                __gesf2
                0x0000000008000b7c                __gtsf2
                0x0000000008000b84                __lesf2
                0x0000000008000b84                __ltsf2
                0x0000000008000b8c                __nesf2
                0x0000000008000b8c                __eqsf2
                0x0000000008000b8c                __cmpsf2
                0x0000000008000bec                __aeabi_cfrcmple
                0x0000000008000bf4                __aeabi_cfcmpeq
                0x0000000008000bf4                __aeabi_cfcmple
                0x0000000008000c04                __aeabi_fcmpeq
                0x0000000008000c18                __aeabi_fcmplt
                0x0000000008000c2c                __aeabi_fcmple
                0x0000000008000c40                __aeabi_fcmpge
                0x0000000008000c54                __aeabi_fcmpgt
 .text          0x0000000008000c68       0x2c c:/st/stm32cubeide_1.4.0/stm32cubeide/plugins/com.st.stm32cube.ide.mcu.externaltools.gnu-tools-for-stm32.7-2018-q2-update.win32_1.4.0.202007081208/tools/bin/../lib/gcc/arm-none-eabi/7.3.1/thumb/v7-m\libgcc.a(_arm_unordsf2.o)
                0x0000000008000c68                __unordsf2
                0x0000000008000c68                __aeabi_fcmpun
 *(.text*)
 .text.apInit   0x0000000008000c94       0x30 src/ap/ap.o
                0x0000000008000c94                apInit
 .text.apMain   0x0000000008000cc4       0x64 src/ap/ap.o
                0x0000000008000cc4                apMain
 .text.bspInit  0x0000000008000d28       0x4c src/bsp/bsp.o
                0x0000000008000d28                bspInit
 .text.delay    0x0000000008000d74       0x16 src/bsp/bsp.o
                0x0000000008000d74                delay
 .text.millis   0x0000000008000d8a        0xe src/bsp/bsp.o
                0x0000000008000d8a                millis
 .text.SystemClock_Config
                0x0000000008000d98       0xbe src/bsp/bsp.o
                0x0000000008000d98                SystemClock_Config
 .text.Error_Handler
                0x0000000008000e56        0xc src/bsp/bsp.o
                0x0000000008000e56                Error_Handler
 *fill*         0x0000000008000e62        0x2 
 .text.HAL_MspInit
                0x0000000008000e64       0x64 src/bsp/stm32f1xx_hal_msp.o
                0x0000000008000e64                HAL_MspInit
 .text.NMI_Handler
                0x0000000008000ec8        0xc src/bsp/stm32f1xx_it.o
                0x0000000008000ec8                NMI_Handler
 .text.HardFault_Handler
                0x0000000008000ed4        0x6 src/bsp/stm32f1xx_it.o
                0x0000000008000ed4                HardFault_Handler
 .text.MemManage_Handler
                0x0000000008000eda        0x6 src/bsp/stm32f1xx_it.o
                0x0000000008000eda                MemManage_Handler
 .text.BusFault_Handler
                0x0000000008000ee0        0x6 src/bsp/stm32f1xx_it.o
                0x0000000008000ee0                BusFault_Handler
 .text.UsageFault_Handler
                0x0000000008000ee6        0x6 src/bsp/stm32f1xx_it.o
                0x0000000008000ee6                UsageFault_Handler
 .text.SVC_Handler
                0x0000000008000eec        0xc src/bsp/stm32f1xx_it.o
                0x0000000008000eec                SVC_Handler
 .text.DebugMon_Handler
                0x0000000008000ef8        0xc src/bsp/stm32f1xx_it.o
                0x0000000008000ef8                DebugMon_Handler
 .text.PendSV_Handler
                0x0000000008000f04        0xc src/bsp/stm32f1xx_it.o
                0x0000000008000f04                PendSV_Handler
 .text.SysTick_Handler
                0x0000000008000f10        0xc src/bsp/stm32f1xx_it.o
                0x0000000008000f10                SysTick_Handler
 .text.DMA1_Channel5_IRQHandler
                0x0000000008000f1c       0x14 src/bsp/stm32f1xx_it.o
                0x0000000008000f1c                DMA1_Channel5_IRQHandler
 .text.USB_LP_CAN1_RX0_IRQHandler
                0x0000000008000f30       0x14 src/bsp/stm32f1xx_it.o
                0x0000000008000f30                USB_LP_CAN1_RX0_IRQHandler
 .text.USART1_IRQHandler
                0x0000000008000f44       0x14 src/bsp/stm32f1xx_it.o
                0x0000000008000f44                USART1_IRQHandler
 .text._sbrk    0x0000000008000f58       0x6c src/bsp/sysmem.o
                0x0000000008000f58                _sbrk
 .text.SystemInit
                0x0000000008000fc4        0xc src/bsp/system_stm32f1xx.o
                0x0000000008000fc4                SystemInit
 .text.Reset_Handler
                0x0000000008000fd0       0x48 src/bsp/startup/startup_stm32f103c8tx.o
                0x0000000008000fd0                Reset_Handler
 .text.Default_Handler
                0x0000000008001018        0x2 src/bsp/startup/startup_stm32f103c8tx.o
                0x0000000008001018                RTC_Alarm_IRQHandler
                0x0000000008001018                EXTI2_IRQHandler
                0x0000000008001018                TIM1_CC_IRQHandler
                0x0000000008001018                PVD_IRQHandler
                0x0000000008001018                EXTI3_IRQHandler
                0x0000000008001018                EXTI0_IRQHandler
                0x0000000008001018                I2C2_EV_IRQHandler
                0x0000000008001018                ADC1_2_IRQHandler
                0x0000000008001018                SPI1_IRQHandler
                0x0000000008001018                TAMPER_IRQHandler
                0x0000000008001018                DMA1_Channel4_IRQHandler
                0x0000000008001018                USART3_IRQHandler
                0x0000000008001018                RTC_IRQHandler
                0x0000000008001018                DMA1_Channel7_IRQHandler
                0x0000000008001018                CAN1_RX1_IRQHandler
                0x0000000008001018                TIM4_IRQHandler
                0x0000000008001018                I2C1_EV_IRQHandler
                0x0000000008001018                DMA1_Channel6_IRQHandler
                0x0000000008001018                TIM3_IRQHandler
                0x0000000008001018                RCC_IRQHandler
                0x0000000008001018                TIM1_TRG_COM_IRQHandler
                0x0000000008001018                DMA1_Channel1_IRQHandler
                0x0000000008001018                Default_Handler
                0x0000000008001018                EXTI15_10_IRQHandler
                0x0000000008001018                EXTI9_5_IRQHandler
                0x0000000008001018                SPI2_IRQHandler
                0x0000000008001018                EXTI4_IRQHandler
                0x0000000008001018                USB_HP_CAN1_TX_IRQHandler
                0x0000000008001018                DMA1_Channel3_IRQHandler
                0x0000000008001018                TIM1_UP_IRQHandler
                0x0000000008001018                WWDG_IRQHandler
                0x0000000008001018                TIM2_IRQHandler
                0x0000000008001018                TIM1_BRK_IRQHandler
                0x0000000008001018                EXTI1_IRQHandler
                0x0000000008001018                USART2_IRQHandler
                0x0000000008001018                I2C2_ER_IRQHandler
                0x0000000008001018                DMA1_Channel2_IRQHandler
                0x0000000008001018                CAN1_SCE_IRQHandler
                0x0000000008001018                FLASH_IRQHandler
                0x0000000008001018                I2C1_ER_IRQHandler
                0x0000000008001018                USBWakeUp_IRQHandler
 .text.qbufferCreate
                0x000000000800101a       0x34 src/common/core/qbuffer.o
                0x000000000800101a                qbufferCreate
 .text.qbufferRead
                0x000000000800104e       0x78 src/common/core/qbuffer.o
                0x000000000800104e                qbufferRead
 .text.qbufferAvailable
                0x00000000080010c6       0x2e src/common/core/qbuffer.o
                0x00000000080010c6                qbufferAvailable
 .text.cliInit  0x00000000080010f4       0x98 src/hw/driver/cli.o
                0x00000000080010f4                cliInit
 .text.cliOpen  0x000000000800118c       0x3c src/hw/driver/cli.o
                0x000000000800118c                cliOpen
 .text.cliOpenLog
                0x00000000080011c8       0x40 src/hw/driver/cli.o
                0x00000000080011c8                cliOpenLog
 .text.cliShowLog
                0x0000000008001208      0x104 src/hw/driver/cli.o
                0x0000000008001208                cliShowLog
 .text.cliShowPrompt
                0x000000000800130c       0x30 src/hw/driver/cli.o
 .text.cliMain  0x000000000800133c       0x44 src/hw/driver/cli.o
                0x000000000800133c                cliMain
 .text.cliUpdate
                0x0000000008001380      0x4c8 src/hw/driver/cli.o
 .text.cliLineClean
                0x0000000008001848       0x32 src/hw/driver/cli.o
 .text.cliLineAdd
                0x000000000800187a       0xa8 src/hw/driver/cli.o
 *fill*         0x0000000008001922        0x2 
 .text.cliLineChange
                0x0000000008001924      0x134 src/hw/driver/cli.o
 .text.cliRunCmd
                0x0000000008001a58       0xb4 src/hw/driver/cli.o
 .text.cliParseArgs
                0x0000000008001b0c       0x90 src/hw/driver/cli.o
 .text.cliPrintf
                0x0000000008001b9c       0x48 src/hw/driver/cli.o
                0x0000000008001b9c                cliPrintf
 .text.cliToUpper
                0x0000000008001be4       0x66 src/hw/driver/cli.o
 *fill*         0x0000000008001c4a        0x2 
 .text.cliArgsGetData
                0x0000000008001c4c       0x50 src/hw/driver/cli.o
 .text.cliArgsGetFloat
                0x0000000008001c9c       0x50 src/hw/driver/cli.o
 .text.cliArgsGetStr
                0x0000000008001cec       0x44 src/hw/driver/cli.o
 .text.cliArgsIsStr
                0x0000000008001d30       0x54 src/hw/driver/cli.o
 .text.cliKeepLoop
                0x0000000008001d84       0x2c src/hw/driver/cli.o
                0x0000000008001d84                cliKeepLoop
 .text.cliAdd   0x0000000008001db0       0x94 src/hw/driver/cli.o
                0x0000000008001db0                cliAdd
 .text.cliShowList
                0x0000000008001e44       0x70 src/hw/driver/cli.o
                0x0000000008001e44                cliShowList
 .text.cliMemoryDump
                0x0000000008001eb4      0x144 src/hw/driver/cli.o
                0x0000000008001eb4                cliMemoryDump
 .text.flashInit
                0x0000000008001ff8       0x48 src/hw/driver/flash.o
                0x0000000008001ff8                flashInit
 .text.ledInit  0x0000000008002040       0x78 src/hw/driver/led.o
                0x0000000008002040                ledInit
 .text.cliLed   0x00000000080020b8       0x8c src/hw/driver/led.o
 .text.resetInit
                0x0000000008002144       0x58 src/hw/driver/reset.o
                0x0000000008002144                resetInit
 .text.resetGetCount
                0x000000000800219c       0x14 src/hw/driver/reset.o
                0x000000000800219c                resetGetCount
 .text.rtcInit  0x00000000080021b0       0x40 src/hw/driver/rtc.o
                0x00000000080021b0                rtcInit
 .text.rtcbackupRegWrite
                0x00000000080021f0       0x20 src/hw/driver/rtc.o
                0x00000000080021f0                rtcbackupRegWrite
 .text.rtcbackupRegRead
                0x0000000008002210       0x20 src/hw/driver/rtc.o
                0x0000000008002210                rtcbackupRegRead
 .text.HAL_RTC_MspInit
                0x0000000008002230       0x48 src/hw/driver/rtc.o
                0x0000000008002230                HAL_RTC_MspInit
 .text.uartInit
                0x0000000008002278       0x34 src/hw/driver/uart.o
                0x0000000008002278                uartInit
 .text.uartOpen
                0x00000000080022ac      0x12c src/hw/driver/uart.o
                0x00000000080022ac                uartOpen
 .text.uartAvailable
                0x00000000080023d8       0x64 src/hw/driver/uart.o
                0x00000000080023d8                uartAvailable
 .text.uartRead
                0x000000000800243c       0x48 src/hw/driver/uart.o
                0x000000000800243c                uartRead
 .text.uartWrite
                0x0000000008002484       0x58 src/hw/driver/uart.o
                0x0000000008002484                uartWrite
 .text.uartPrintf
                0x00000000080024dc       0x5c src/hw/driver/uart.o
                0x00000000080024dc                uartPrintf
 .text.HAL_UART_ErrorCallback
                0x0000000008002538       0x12 src/hw/driver/uart.o
                0x0000000008002538                HAL_UART_ErrorCallback
 .text.HAL_UART_RxCpltCallback
                0x000000000800254a       0x12 src/hw/driver/uart.o
                0x000000000800254a                HAL_UART_RxCpltCallback
 .text.HAL_UART_MspInit
                0x000000000800255c       0xfc src/hw/driver/uart.o
                0x000000000800255c                HAL_UART_MspInit
 .text.HAL_UART_MspDeInit
                0x0000000008002658       0x4c src/hw/driver/uart.o
                0x0000000008002658                HAL_UART_MspDeInit
 .text.usbInit  0x00000000080026a4       0x70 src/hw/driver/usb.o
                0x00000000080026a4                usbInit
 .text.hwInit   0x0000000008002714       0x28 src/hw/hw.o
                0x0000000008002714                hwInit
 .text.HAL_Init
                0x000000000800273c       0x2c src/lib/cube_f103/Drivers/STM32F1xx_HAL_Driver/Src/stm32f1xx_hal.o
                0x000000000800273c                HAL_Init
 .text.HAL_InitTick
                0x0000000008002768       0x60 src/lib/cube_f103/Drivers/STM32F1xx_HAL_Driver/Src/stm32f1xx_hal.o
                0x0000000008002768                HAL_InitTick
 .text.HAL_IncTick
                0x00000000080027c8       0x24 src/lib/cube_f103/Drivers/STM32F1xx_HAL_Driver/Src/stm32f1xx_hal.o
                0x00000000080027c8                HAL_IncTick
 .text.HAL_GetTick
                0x00000000080027ec       0x14 src/lib/cube_f103/Drivers/STM32F1xx_HAL_Driver/Src/stm32f1xx_hal.o
                0x00000000080027ec                HAL_GetTick
 .text.HAL_Delay
                0x0000000008002800       0x44 src/lib/cube_f103/Drivers/STM32F1xx_HAL_Driver/Src/stm32f1xx_hal.o
                0x0000000008002800                HAL_Delay
 .text.__NVIC_SetPriorityGrouping
                0x0000000008002844       0x48 src/lib/cube_f103/Drivers/STM32F1xx_HAL_Driver/Src/stm32f1xx_hal_cortex.o
 .text.__NVIC_GetPriorityGrouping
                0x000000000800288c       0x1c src/lib/cube_f103/Drivers/STM32F1xx_HAL_Driver/Src/stm32f1xx_hal_cortex.o
 .text.__NVIC_EnableIRQ
                0x00000000080028a8       0x38 src/lib/cube_f103/Drivers/STM32F1xx_HAL_Driver/Src/stm32f1xx_hal_cortex.o
 .text.__NVIC_DisableIRQ
                0x00000000080028e0       0x44 src/lib/cube_f103/Drivers/STM32F1xx_HAL_Driver/Src/stm32f1xx_hal_cortex.o
 .text.__NVIC_SetPriority
                0x0000000008002924       0x54 src/lib/cube_f103/Drivers/STM32F1xx_HAL_Driver/Src/stm32f1xx_hal_cortex.o
 .text.NVIC_EncodePriority
                0x0000000008002978       0x64 src/lib/cube_f103/Drivers/STM32F1xx_HAL_Driver/Src/stm32f1xx_hal_cortex.o
 .text.SysTick_Config
                0x00000000080029dc       0x44 src/lib/cube_f103/Drivers/STM32F1xx_HAL_Driver/Src/stm32f1xx_hal_cortex.o
 .text.HAL_NVIC_SetPriorityGrouping
                0x0000000008002a20       0x16 src/lib/cube_f103/Drivers/STM32F1xx_HAL_Driver/Src/stm32f1xx_hal_cortex.o
                0x0000000008002a20                HAL_NVIC_SetPriorityGrouping
 .text.HAL_NVIC_SetPriority
                0x0000000008002a36       0x38 src/lib/cube_f103/Drivers/STM32F1xx_HAL_Driver/Src/stm32f1xx_hal_cortex.o
                0x0000000008002a36                HAL_NVIC_SetPriority
 .text.HAL_NVIC_EnableIRQ
                0x0000000008002a6e       0x1c src/lib/cube_f103/Drivers/STM32F1xx_HAL_Driver/Src/stm32f1xx_hal_cortex.o
                0x0000000008002a6e                HAL_NVIC_EnableIRQ
 .text.HAL_NVIC_DisableIRQ
                0x0000000008002a8a       0x1c src/lib/cube_f103/Drivers/STM32F1xx_HAL_Driver/Src/stm32f1xx_hal_cortex.o
                0x0000000008002a8a                HAL_NVIC_DisableIRQ
 .text.HAL_SYSTICK_Config
                0x0000000008002aa6       0x18 src/lib/cube_f103/Drivers/STM32F1xx_HAL_Driver/Src/stm32f1xx_hal_cortex.o
                0x0000000008002aa6                HAL_SYSTICK_Config
 *fill*         0x0000000008002abe        0x2 
 .text.HAL_DMA_Init
                0x0000000008002ac0       0xb4 src/lib/cube_f103/Drivers/STM32F1xx_HAL_Driver/Src/stm32f1xx_hal_dma.o
                0x0000000008002ac0                HAL_DMA_Init
 .text.HAL_DMA_DeInit
                0x0000000008002b74       0xb8 src/lib/cube_f103/Drivers/STM32F1xx_HAL_Driver/Src/stm32f1xx_hal_dma.o
                0x0000000008002b74                HAL_DMA_DeInit
 .text.HAL_DMA_Start_IT
                0x0000000008002c2c       0xbe src/lib/cube_f103/Drivers/STM32F1xx_HAL_Driver/Src/stm32f1xx_hal_dma.o
                0x0000000008002c2c                HAL_DMA_Start_IT
 *fill*         0x0000000008002cea        0x2 
 .text.HAL_DMA_Abort_IT
                0x0000000008002cec       0xec src/lib/cube_f103/Drivers/STM32F1xx_HAL_Driver/Src/stm32f1xx_hal_dma.o
                0x0000000008002cec                HAL_DMA_Abort_IT
 .text.HAL_DMA_IRQHandler
                0x0000000008002dd8      0x20c src/lib/cube_f103/Drivers/STM32F1xx_HAL_Driver/Src/stm32f1xx_hal_dma.o
                0x0000000008002dd8                HAL_DMA_IRQHandler
 .text.DMA_SetConfig
                0x0000000008002fe4       0x5a src/lib/cube_f103/Drivers/STM32F1xx_HAL_Driver/Src/stm32f1xx_hal_dma.o
 *fill*         0x000000000800303e        0x2 
 .text.HAL_GPIO_Init
                0x0000000008003040      0x2b4 src/lib/cube_f103/Drivers/STM32F1xx_HAL_Driver/Src/stm32f1xx_hal_gpio.o
                0x0000000008003040                HAL_GPIO_Init
 .text.HAL_GPIO_DeInit
                0x00000000080032f4      0x178 src/lib/cube_f103/Drivers/STM32F1xx_HAL_Driver/Src/stm32f1xx_hal_gpio.o
                0x00000000080032f4                HAL_GPIO_DeInit
 .text.HAL_GPIO_WritePin
                0x000000000800346c       0x30 src/lib/cube_f103/Drivers/STM32F1xx_HAL_Driver/Src/stm32f1xx_hal_gpio.o
                0x000000000800346c                HAL_GPIO_WritePin
 .text.HAL_GPIO_TogglePin
                0x000000000800349c       0x32 src/lib/cube_f103/Drivers/STM32F1xx_HAL_Driver/Src/stm32f1xx_hal_gpio.o
                0x000000000800349c                HAL_GPIO_TogglePin
 .text.HAL_PCD_Init
                0x00000000080034ce      0x216 src/lib/cube_f103/Drivers/STM32F1xx_HAL_Driver/Src/stm32f1xx_hal_pcd.o
                0x00000000080034ce                HAL_PCD_Init
 .text.HAL_PCD_Start
                0x00000000080036e4       0x4c src/lib/cube_f103/Drivers/STM32F1xx_HAL_Driver/Src/stm32f1xx_hal_pcd.o
                0x00000000080036e4                HAL_PCD_Start
 .text.HAL_PCD_IRQHandler
                0x0000000008003730      0x2aa src/lib/cube_f103/Drivers/STM32F1xx_HAL_Driver/Src/stm32f1xx_hal_pcd.o
                0x0000000008003730                HAL_PCD_IRQHandler
 .text.HAL_PCD_SetAddress
                0x00000000080039da       0x4a src/lib/cube_f103/Drivers/STM32F1xx_HAL_Driver/Src/stm32f1xx_hal_pcd.o
                0x00000000080039da                HAL_PCD_SetAddress
 .text.HAL_PCD_EP_Open
                0x0000000008003a24       0xcc src/lib/cube_f103/Drivers/STM32F1xx_HAL_Driver/Src/stm32f1xx_hal_pcd.o
                0x0000000008003a24                HAL_PCD_EP_Open
 .text.HAL_PCD_EP_Close
                0x0000000008003af0       0x90 src/lib/cube_f103/Drivers/STM32F1xx_HAL_Driver/Src/stm32f1xx_hal_pcd.o
                0x0000000008003af0                HAL_PCD_EP_Close
 .text.HAL_PCD_EP_Receive
                0x0000000008003b80       0x7a src/lib/cube_f103/Drivers/STM32F1xx_HAL_Driver/Src/stm32f1xx_hal_pcd.o
                0x0000000008003b80                HAL_PCD_EP_Receive
 .text.HAL_PCD_EP_GetRxCount
                0x0000000008003bfa       0x2e src/lib/cube_f103/Drivers/STM32F1xx_HAL_Driver/Src/stm32f1xx_hal_pcd.o
                0x0000000008003bfa                HAL_PCD_EP_GetRxCount
 .text.HAL_PCD_EP_Transmit
                0x0000000008003c28       0x86 src/lib/cube_f103/Drivers/STM32F1xx_HAL_Driver/Src/stm32f1xx_hal_pcd.o
                0x0000000008003c28                HAL_PCD_EP_Transmit
 .text.HAL_PCD_EP_SetStall
                0x0000000008003cae       0xc0 src/lib/cube_f103/Drivers/STM32F1xx_HAL_Driver/Src/stm32f1xx_hal_pcd.o
                0x0000000008003cae                HAL_PCD_EP_SetStall
 .text.HAL_PCD_EP_ClrStall
                0x0000000008003d6e       0xa8 src/lib/cube_f103/Drivers/STM32F1xx_HAL_Driver/Src/stm32f1xx_hal_pcd.o
                0x0000000008003d6e                HAL_PCD_EP_ClrStall
 .text.PCD_EP_ISR_Handler
                0x0000000008003e16      0x5e6 src/lib/cube_f103/Drivers/STM32F1xx_HAL_Driver/Src/stm32f1xx_hal_pcd.o
 .text.HAL_PCD_EP_DB_Receive
                0x00000000080043fc      0x21a src/lib/cube_f103/Drivers/STM32F1xx_HAL_Driver/Src/stm32f1xx_hal_pcd.o
 .text.HAL_PCD_EP_DB_Transmit
                0x0000000008004616      0x53a src/lib/cube_f103/Drivers/STM32F1xx_HAL_Driver/Src/stm32f1xx_hal_pcd.o
 .text.HAL_PCDEx_PMAConfig
                0x0000000008004b50       0x84 src/lib/cube_f103/Drivers/STM32F1xx_HAL_Driver/Src/stm32f1xx_hal_pcd_ex.o
                0x0000000008004b50                HAL_PCDEx_PMAConfig
 .text.HAL_PWR_EnableBkUpAccess
                0x0000000008004bd4       0x18 src/lib/cube_f103/Drivers/STM32F1xx_HAL_Driver/Src/stm32f1xx_hal_pwr.o
                0x0000000008004bd4                HAL_PWR_EnableBkUpAccess
 .text.HAL_RCC_OscConfig
                0x0000000008004bec      0x500 src/lib/cube_f103/Drivers/STM32F1xx_HAL_Driver/Src/stm32f1xx_hal_rcc.o
                0x0000000008004bec                HAL_RCC_OscConfig
 .text.HAL_RCC_ClockConfig
                0x00000000080050ec      0x1d4 src/lib/cube_f103/Drivers/STM32F1xx_HAL_Driver/Src/stm32f1xx_hal_rcc.o
                0x00000000080050ec                HAL_RCC_ClockConfig
 .text.HAL_RCC_GetSysClockFreq
                0x00000000080052c0       0xc4 src/lib/cube_f103/Drivers/STM32F1xx_HAL_Driver/Src/stm32f1xx_hal_rcc.o
                0x00000000080052c0                HAL_RCC_GetSysClockFreq
 .text.HAL_RCC_GetHCLKFreq
                0x0000000008005384       0x14 src/lib/cube_f103/Drivers/STM32F1xx_HAL_Driver/Src/stm32f1xx_hal_rcc.o
                0x0000000008005384                HAL_RCC_GetHCLKFreq
 .text.HAL_RCC_GetPCLK1Freq
                0x0000000008005398       0x28 src/lib/cube_f103/Drivers/STM32F1xx_HAL_Driver/Src/stm32f1xx_hal_rcc.o
                0x0000000008005398                HAL_RCC_GetPCLK1Freq
 .text.HAL_RCC_GetPCLK2Freq
                0x00000000080053c0       0x28 src/lib/cube_f103/Drivers/STM32F1xx_HAL_Driver/Src/stm32f1xx_hal_rcc.o
                0x00000000080053c0                HAL_RCC_GetPCLK2Freq
 .text.RCC_Delay
                0x00000000080053e8       0x3c src/lib/cube_f103/Drivers/STM32F1xx_HAL_Driver/Src/stm32f1xx_hal_rcc.o
 .text.HAL_RCCEx_PeriphCLKConfig
                0x0000000008005424      0x16c src/lib/cube_f103/Drivers/STM32F1xx_HAL_Driver/Src/stm32f1xx_hal_rcc_ex.o
                0x0000000008005424                HAL_RCCEx_PeriphCLKConfig
 .text.HAL_RCCEx_GetPeriphCLKFreq
                0x0000000008005590      0x178 src/lib/cube_f103/Drivers/STM32F1xx_HAL_Driver/Src/stm32f1xx_hal_rcc_ex.o
                0x0000000008005590                HAL_RCCEx_GetPeriphCLKFreq
 .text.HAL_RTC_Init
                0x0000000008005708      0x12c src/lib/cube_f103/Drivers/STM32F1xx_HAL_Driver/Src/stm32f1xx_hal_rtc.o
                0x0000000008005708                HAL_RTC_Init
 .text.HAL_RTC_WaitForSynchro
                0x0000000008005834       0x5a src/lib/cube_f103/Drivers/STM32F1xx_HAL_Driver/Src/stm32f1xx_hal_rtc.o
                0x0000000008005834                HAL_RTC_WaitForSynchro
 .text.RTC_EnterInitMode
                0x000000000800588e       0x50 src/lib/cube_f103/Drivers/STM32F1xx_HAL_Driver/Src/stm32f1xx_hal_rtc.o
 .text.RTC_ExitInitMode
                0x00000000080058de       0x50 src/lib/cube_f103/Drivers/STM32F1xx_HAL_Driver/Src/stm32f1xx_hal_rtc.o
 *fill*         0x000000000800592e        0x2 
 .text.HAL_RTCEx_BKUPWrite
                0x0000000008005930       0x34 src/lib/cube_f103/Drivers/STM32F1xx_HAL_Driver/Src/stm32f1xx_hal_rtc_ex.o
                0x0000000008005930                HAL_RTCEx_BKUPWrite
 .text.HAL_RTCEx_BKUPRead
                0x0000000008005964       0x38 src/lib/cube_f103/Drivers/STM32F1xx_HAL_Driver/Src/stm32f1xx_hal_rtc_ex.o
                0x0000000008005964                HAL_RTCEx_BKUPRead
 .text.HAL_UART_Init
                0x000000000800599c       0x9a src/lib/cube_f103/Drivers/STM32F1xx_HAL_Driver/Src/stm32f1xx_hal_uart.o
                0x000000000800599c                HAL_UART_Init
 .text.HAL_UART_DeInit
                0x0000000008005a36       0x58 src/lib/cube_f103/Drivers/STM32F1xx_HAL_Driver/Src/stm32f1xx_hal_uart.o
                0x0000000008005a36                HAL_UART_DeInit
 .text.HAL_UART_Transmit
                0x0000000008005a8e      0x124 src/lib/cube_f103/Drivers/STM32F1xx_HAL_Driver/Src/stm32f1xx_hal_uart.o
                0x0000000008005a8e                HAL_UART_Transmit
 *fill*         0x0000000008005bb2        0x2 
 .text.HAL_UART_Receive_DMA
                0x0000000008005bb4      0x100 src/lib/cube_f103/Drivers/STM32F1xx_HAL_Driver/Src/stm32f1xx_hal_uart.o
                0x0000000008005bb4                HAL_UART_Receive_DMA
 .text.HAL_UART_IRQHandler
                0x0000000008005cb4      0x200 src/lib/cube_f103/Drivers/STM32F1xx_HAL_Driver/Src/stm32f1xx_hal_uart.o
                0x0000000008005cb4                HAL_UART_IRQHandler
 .text.HAL_UART_TxCpltCallback
                0x0000000008005eb4       0x12 src/lib/cube_f103/Drivers/STM32F1xx_HAL_Driver/Src/stm32f1xx_hal_uart.o
                0x0000000008005eb4                HAL_UART_TxCpltCallback
 .text.HAL_UART_RxHalfCpltCallback
                0x0000000008005ec6       0x12 src/lib/cube_f103/Drivers/STM32F1xx_HAL_Driver/Src/stm32f1xx_hal_uart.o
                0x0000000008005ec6                HAL_UART_RxHalfCpltCallback
 .text.UART_DMAReceiveCplt
                0x0000000008005ed8       0x68 src/lib/cube_f103/Drivers/STM32F1xx_HAL_Driver/Src/stm32f1xx_hal_uart.o
 .text.UART_DMARxHalfCplt
                0x0000000008005f40       0x1c src/lib/cube_f103/Drivers/STM32F1xx_HAL_Driver/Src/stm32f1xx_hal_uart.o
 .text.UART_DMAError
                0x0000000008005f5c       0x94 src/lib/cube_f103/Drivers/STM32F1xx_HAL_Driver/Src/stm32f1xx_hal_uart.o
 .text.UART_WaitOnFlagUntilTimeout
                0x0000000008005ff0       0x94 src/lib/cube_f103/Drivers/STM32F1xx_HAL_Driver/Src/stm32f1xx_hal_uart.o
 .text.UART_EndTxTransfer
                0x0000000008006084       0x2a src/lib/cube_f103/Drivers/STM32F1xx_HAL_Driver/Src/stm32f1xx_hal_uart.o
 .text.UART_EndRxTransfer
                0x00000000080060ae       0x3a src/lib/cube_f103/Drivers/STM32F1xx_HAL_Driver/Src/stm32f1xx_hal_uart.o
 .text.UART_DMAAbortOnError
                0x00000000080060e8       0x28 src/lib/cube_f103/Drivers/STM32F1xx_HAL_Driver/Src/stm32f1xx_hal_uart.o
 .text.UART_Transmit_IT
                0x0000000008006110       0x9e src/lib/cube_f103/Drivers/STM32F1xx_HAL_Driver/Src/stm32f1xx_hal_uart.o
 .text.UART_EndTransmit_IT
                0x00000000080061ae       0x30 src/lib/cube_f103/Drivers/STM32F1xx_HAL_Driver/Src/stm32f1xx_hal_uart.o
 .text.UART_Receive_IT
                0x00000000080061de      0x100 src/lib/cube_f103/Drivers/STM32F1xx_HAL_Driver/Src/stm32f1xx_hal_uart.o
 *fill*         0x00000000080062de        0x2 
 .text.UART_SetConfig
                0x00000000080062e0      0x11c src/lib/cube_f103/Drivers/STM32F1xx_HAL_Driver/Src/stm32f1xx_hal_uart.o
 .text.USB_CoreInit
                0x00000000080063fc       0x20 src/lib/cube_f103/Drivers/STM32F1xx_HAL_Driver/Src/stm32f1xx_ll_usb.o
                0x00000000080063fc                USB_CoreInit
 .text.USB_EnableGlobalInt
                0x000000000800641c       0x2c src/lib/cube_f103/Drivers/STM32F1xx_HAL_Driver/Src/stm32f1xx_ll_usb.o
                0x000000000800641c                USB_EnableGlobalInt
 .text.USB_DisableGlobalInt
                0x0000000008006448       0x34 src/lib/cube_f103/Drivers/STM32F1xx_HAL_Driver/Src/stm32f1xx_ll_usb.o
                0x0000000008006448                USB_DisableGlobalInt
 .text.USB_SetCurrentMode
                0x000000000800647c       0x18 src/lib/cube_f103/Drivers/STM32F1xx_HAL_Driver/Src/stm32f1xx_ll_usb.o
                0x000000000800647c                USB_SetCurrentMode
 .text.USB_DevInit
                0x0000000008006494       0x40 src/lib/cube_f103/Drivers/STM32F1xx_HAL_Driver/Src/stm32f1xx_ll_usb.o
                0x0000000008006494                USB_DevInit
 .text.USB_ActivateEndpoint
                0x00000000080064d4      0x6d4 src/lib/cube_f103/Drivers/STM32F1xx_HAL_Driver/Src/stm32f1xx_ll_usb.o
                0x00000000080064d4                USB_ActivateEndpoint
 .text.USB_DeactivateEndpoint
                0x0000000008006ba8      0x3d8 src/lib/cube_f103/Drivers/STM32F1xx_HAL_Driver/Src/stm32f1xx_ll_usb.o
                0x0000000008006ba8                USB_DeactivateEndpoint
 .text.USB_EPStartXfer
                0x0000000008006f80     0x1240 src/lib/cube_f103/Drivers/STM32F1xx_HAL_Driver/Src/stm32f1xx_ll_usb.o
                0x0000000008006f80                USB_EPStartXfer
 .text.USB_EPSetStall
                0x00000000080081c0       0xa0 src/lib/cube_f103/Drivers/STM32F1xx_HAL_Driver/Src/stm32f1xx_ll_usb.o
                0x00000000080081c0                USB_EPSetStall
 .text.USB_EPClearStall
                0x0000000008008260      0x15a src/lib/cube_f103/Drivers/STM32F1xx_HAL_Driver/Src/stm32f1xx_ll_usb.o
                0x0000000008008260                USB_EPClearStall
 .text.USB_SetDevAddress
                0x00000000080083ba       0x26 src/lib/cube_f103/Drivers/STM32F1xx_HAL_Driver/Src/stm32f1xx_ll_usb.o
                0x00000000080083ba                USB_SetDevAddress
 .text.USB_DevConnect
                0x00000000080083e0       0x14 src/lib/cube_f103/Drivers/STM32F1xx_HAL_Driver/Src/stm32f1xx_ll_usb.o
                0x00000000080083e0                USB_DevConnect
 .text.USB_DevDisconnect
                0x00000000080083f4       0x14 src/lib/cube_f103/Drivers/STM32F1xx_HAL_Driver/Src/stm32f1xx_ll_usb.o
                0x00000000080083f4                USB_DevDisconnect
 .text.USB_ReadInterrupts
                0x0000000008008408       0x1e src/lib/cube_f103/Drivers/STM32F1xx_HAL_Driver/Src/stm32f1xx_ll_usb.o
                0x0000000008008408                USB_ReadInterrupts
 .text.USB_EP0_OutStart
                0x0000000008008426       0x16 src/lib/cube_f103/Drivers/STM32F1xx_HAL_Driver/Src/stm32f1xx_ll_usb.o
                0x0000000008008426                USB_EP0_OutStart
 .text.USB_WritePMA
                0x000000000800843c       0x88 src/lib/cube_f103/Drivers/STM32F1xx_HAL_Driver/Src/stm32f1xx_ll_usb.o
                0x000000000800843c                USB_WritePMA
 .text.USB_ReadPMA
                0x00000000080084c4       0x9e src/lib/cube_f103/Drivers/STM32F1xx_HAL_Driver/Src/stm32f1xx_ll_usb.o
                0x00000000080084c4                USB_ReadPMA
 .text.USBD_CDC_Init
                0x0000000008008562       0xf4 src/lib/cube_f103/Middlewares/ST/STM32_USB_Device_Library/Class/CDC/Src/usbd_cdc.o
 .text.USBD_CDC_DeInit
                0x0000000008008656       0x6e src/lib/cube_f103/Middlewares/ST/STM32_USB_Device_Library/Class/CDC/Src/usbd_cdc.o
 .text.USBD_CDC_Setup
                0x00000000080086c4      0x140 src/lib/cube_f103/Middlewares/ST/STM32_USB_Device_Library/Class/CDC/Src/usbd_cdc.o
 .text.USBD_CDC_DataIn
                0x0000000008008804       0xa6 src/lib/cube_f103/Middlewares/ST/STM32_USB_Device_Library/Class/CDC/Src/usbd_cdc.o
 .text.USBD_CDC_DataOut
                0x00000000080088aa       0x56 src/lib/cube_f103/Middlewares/ST/STM32_USB_Device_Library/Class/CDC/Src/usbd_cdc.o
 .text.USBD_CDC_EP0_RxReady
                0x0000000008008900       0x50 src/lib/cube_f103/Middlewares/ST/STM32_USB_Device_Library/Class/CDC/Src/usbd_cdc.o
 .text.USBD_CDC_GetFSCfgDesc
                0x0000000008008950       0x20 src/lib/cube_f103/Middlewares/ST/STM32_USB_Device_Library/Class/CDC/Src/usbd_cdc.o
 .text.USBD_CDC_GetHSCfgDesc
                0x0000000008008970       0x20 src/lib/cube_f103/Middlewares/ST/STM32_USB_Device_Library/Class/CDC/Src/usbd_cdc.o
 .text.USBD_CDC_GetOtherSpeedCfgDesc
                0x0000000008008990       0x20 src/lib/cube_f103/Middlewares/ST/STM32_USB_Device_Library/Class/CDC/Src/usbd_cdc.o
 .text.USBD_CDC_GetDeviceQualifierDescriptor
                0x00000000080089b0       0x20 src/lib/cube_f103/Middlewares/ST/STM32_USB_Device_Library/Class/CDC/Src/usbd_cdc.o
                0x00000000080089b0                USBD_CDC_GetDeviceQualifierDescriptor
 .text.USBD_CDC_RegisterInterface
                0x00000000080089d0       0x2c src/lib/cube_f103/Middlewares/ST/STM32_USB_Device_Library/Class/CDC/Src/usbd_cdc.o
                0x00000000080089d0                USBD_CDC_RegisterInterface
 .text.USBD_CDC_SetTxBuffer
                0x00000000080089fc       0x32 src/lib/cube_f103/Middlewares/ST/STM32_USB_Device_Library/Class/CDC/Src/usbd_cdc.o
                0x00000000080089fc                USBD_CDC_SetTxBuffer
 .text.USBD_CDC_SetRxBuffer
                0x0000000008008a2e       0x26 src/lib/cube_f103/Middlewares/ST/STM32_USB_Device_Library/Class/CDC/Src/usbd_cdc.o
                0x0000000008008a2e                USBD_CDC_SetRxBuffer
 .text.USBD_CDC_TransmitPacket
                0x0000000008008a54       0x5e src/lib/cube_f103/Middlewares/ST/STM32_USB_Device_Library/Class/CDC/Src/usbd_cdc.o
                0x0000000008008a54                USBD_CDC_TransmitPacket
 .text.USBD_CDC_ReceivePacket
                0x0000000008008ab2       0x54 src/lib/cube_f103/Middlewares/ST/STM32_USB_Device_Library/Class/CDC/Src/usbd_cdc.o
                0x0000000008008ab2                USBD_CDC_ReceivePacket
 .text.USBD_Init
                0x0000000008008b06       0x56 src/lib/cube_f103/Middlewares/ST/STM32_USB_Device_Library/Core/Src/usbd_core.o
                0x0000000008008b06                USBD_Init
 .text.USBD_RegisterClass
                0x0000000008008b5c       0x32 src/lib/cube_f103/Middlewares/ST/STM32_USB_Device_Library/Core/Src/usbd_core.o
                0x0000000008008b5c                USBD_RegisterClass
 .text.USBD_Start
                0x0000000008008b8e       0x18 src/lib/cube_f103/Middlewares/ST/STM32_USB_Device_Library/Core/Src/usbd_core.o
                0x0000000008008b8e                USBD_Start
 .text.USBD_RunTestMode
                0x0000000008008ba6       0x14 src/lib/cube_f103/Middlewares/ST/STM32_USB_Device_Library/Core/Src/usbd_core.o
                0x0000000008008ba6                USBD_RunTestMode
 .text.USBD_SetClassConfig
                0x0000000008008bba       0x3e src/lib/cube_f103/Middlewares/ST/STM32_USB_Device_Library/Core/Src/usbd_core.o
                0x0000000008008bba                USBD_SetClassConfig
 .text.USBD_ClrClassConfig
                0x0000000008008bf8       0x26 src/lib/cube_f103/Middlewares/ST/STM32_USB_Device_Library/Core/Src/usbd_core.o
                0x0000000008008bf8                USBD_ClrClassConfig
 .text.USBD_LL_SetupStage
                0x0000000008008c1e       0x96 src/lib/cube_f103/Middlewares/ST/STM32_USB_Device_Library/Core/Src/usbd_core.o
                0x0000000008008c1e                USBD_LL_SetupStage
 .text.USBD_LL_DataOutStage
                0x0000000008008cb4       0xe2 src/lib/cube_f103/Middlewares/ST/STM32_USB_Device_Library/Core/Src/usbd_core.o
                0x0000000008008cb4                USBD_LL_DataOutStage
 .text.USBD_LL_DataInStage
                0x0000000008008d96      0x14a src/lib/cube_f103/Middlewares/ST/STM32_USB_Device_Library/Core/Src/usbd_core.o
                0x0000000008008d96                USBD_LL_DataInStage
 .text.USBD_LL_Reset
                0x0000000008008ee0       0x82 src/lib/cube_f103/Middlewares/ST/STM32_USB_Device_Library/Core/Src/usbd_core.o
                0x0000000008008ee0                USBD_LL_Reset
 .text.USBD_LL_SetSpeed
                0x0000000008008f62       0x1e src/lib/cube_f103/Middlewares/ST/STM32_USB_Device_Library/Core/Src/usbd_core.o
                0x0000000008008f62                USBD_LL_SetSpeed
 .text.USBD_LL_Suspend
                0x0000000008008f80       0x28 src/lib/cube_f103/Middlewares/ST/STM32_USB_Device_Library/Core/Src/usbd_core.o
                0x0000000008008f80                USBD_LL_Suspend
 .text.USBD_LL_Resume
                0x0000000008008fa8       0x2a src/lib/cube_f103/Middlewares/ST/STM32_USB_Device_Library/Core/Src/usbd_core.o
                0x0000000008008fa8                USBD_LL_Resume
 .text.USBD_LL_SOF
                0x0000000008008fd2       0x34 src/lib/cube_f103/Middlewares/ST/STM32_USB_Device_Library/Core/Src/usbd_core.o
                0x0000000008008fd2                USBD_LL_SOF
 *fill*         0x0000000008009006        0x2 
 .text.USBD_StdDevReq
                0x0000000008009008       0xd4 src/lib/cube_f103/Middlewares/ST/STM32_USB_Device_Library/Core/Src/usbd_ctlreq.o
                0x0000000008009008                USBD_StdDevReq
 .text.USBD_StdItfReq
                0x00000000080090dc       0x8c src/lib/cube_f103/Middlewares/ST/STM32_USB_Device_Library/Core/Src/usbd_ctlreq.o
                0x00000000080090dc                USBD_StdItfReq
 .text.USBD_StdEPReq
                0x0000000008009168      0x2ba src/lib/cube_f103/Middlewares/ST/STM32_USB_Device_Library/Core/Src/usbd_ctlreq.o
                0x0000000008009168                USBD_StdEPReq
 *fill*         0x0000000008009422        0x2 
 .text.USBD_GetDescriptor
                0x0000000008009424      0x2d0 src/lib/cube_f103/Middlewares/ST/STM32_USB_Device_Library/Core/Src/usbd_ctlreq.o
 .text.USBD_SetAddress
                0x00000000080096f4       0x84 src/lib/cube_f103/Middlewares/ST/STM32_USB_Device_Library/Core/Src/usbd_ctlreq.o
 .text.USBD_SetConfig
                0x0000000008009778      0x11c src/lib/cube_f103/Middlewares/ST/STM32_USB_Device_Library/Core/Src/usbd_ctlreq.o
 .text.USBD_GetConfig
                0x0000000008009894       0x68 src/lib/cube_f103/Middlewares/ST/STM32_USB_Device_Library/Core/Src/usbd_ctlreq.o
 .text.USBD_GetStatus
                0x00000000080098fc       0x66 src/lib/cube_f103/Middlewares/ST/STM32_USB_Device_Library/Core/Src/usbd_ctlreq.o
 .text.USBD_SetFeature
                0x0000000008009962       0x28 src/lib/cube_f103/Middlewares/ST/STM32_USB_Device_Library/Core/Src/usbd_ctlreq.o
 .text.USBD_ClrFeature
                0x000000000800998a       0x42 src/lib/cube_f103/Middlewares/ST/STM32_USB_Device_Library/Core/Src/usbd_ctlreq.o
 .text.USBD_ParseSetupRequest
                0x00000000080099cc       0x78 src/lib/cube_f103/Middlewares/ST/STM32_USB_Device_Library/Core/Src/usbd_ctlreq.o
                0x00000000080099cc                USBD_ParseSetupRequest
 .text.USBD_CtlError
                0x0000000008009a44       0x22 src/lib/cube_f103/Middlewares/ST/STM32_USB_Device_Library/Core/Src/usbd_ctlreq.o
                0x0000000008009a44                USBD_CtlError
 .text.USBD_GetString
                0x0000000008009a66       0x84 src/lib/cube_f103/Middlewares/ST/STM32_USB_Device_Library/Core/Src/usbd_ctlreq.o
                0x0000000008009a66                USBD_GetString
 .text.USBD_GetLen
                0x0000000008009aea       0x2e src/lib/cube_f103/Middlewares/ST/STM32_USB_Device_Library/Core/Src/usbd_ctlreq.o
 .text.USBD_CtlSendData
                0x0000000008009b18       0x38 src/lib/cube_f103/Middlewares/ST/STM32_USB_Device_Library/Core/Src/usbd_ioreq.o
                0x0000000008009b18                USBD_CtlSendData
 .text.USBD_CtlContinueSendData
                0x0000000008009b50       0x24 src/lib/cube_f103/Middlewares/ST/STM32_USB_Device_Library/Core/Src/usbd_ioreq.o
                0x0000000008009b50                USBD_CtlContinueSendData
 .text.USBD_CtlPrepareRx
                0x0000000008009b74       0x3c src/lib/cube_f103/Middlewares/ST/STM32_USB_Device_Library/Core/Src/usbd_ioreq.o
                0x0000000008009b74                USBD_CtlPrepareRx
 .text.USBD_CtlContinueRx
                0x0000000008009bb0       0x24 src/lib/cube_f103/Middlewares/ST/STM32_USB_Device_Library/Core/Src/usbd_ioreq.o
                0x0000000008009bb0                USBD_CtlContinueRx
 .text.USBD_CtlSendStatus
                0x0000000008009bd4       0x26 src/lib/cube_f103/Middlewares/ST/STM32_USB_Device_Library/Core/Src/usbd_ioreq.o
                0x0000000008009bd4                USBD_CtlSendStatus
 .text.USBD_CtlReceiveStatus
                0x0000000008009bfa       0x26 src/lib/cube_f103/Middlewares/ST/STM32_USB_Device_Library/Core/Src/usbd_ioreq.o
                0x0000000008009bfa                USBD_CtlReceiveStatus
 .text.MX_USB_DEVICE_Init
                0x0000000008009c20       0x60 src/lib/cube_f103/USB_DEVICE/App/usb_device.o
                0x0000000008009c20                MX_USB_DEVICE_Init
 .text.cdcAvailable
                0x0000000008009c80       0x38 src/lib/cube_f103/USB_DEVICE/App/usbd_cdc_if.o
                0x0000000008009c80                cdcAvailable
 .text.cdcRead  0x0000000008009cb8       0x50 src/lib/cube_f103/USB_DEVICE/App/usbd_cdc_if.o
                0x0000000008009cb8                cdcRead
 .text.cdcDataIn
                0x0000000008009d08       0x54 src/lib/cube_f103/USB_DEVICE/App/usbd_cdc_if.o
                0x0000000008009d08                cdcDataIn
 .text.cdcWrite
                0x0000000008009d5c       0x50 src/lib/cube_f103/USB_DEVICE/App/usbd_cdc_if.o
                0x0000000008009d5c                cdcWrite
 .text.USBD_CDC_SOF
                0x0000000008009dac       0x44 src/lib/cube_f103/USB_DEVICE/App/usbd_cdc_if.o
                0x0000000008009dac                USBD_CDC_SOF
 .text.CDC_Init_FS
                0x0000000008009df0       0x28 src/lib/cube_f103/USB_DEVICE/App/usbd_cdc_if.o
 .text.CDC_DeInit_FS
                0x0000000008009e18        0xe src/lib/cube_f103/USB_DEVICE/App/usbd_cdc_if.o
 *fill*         0x0000000008009e26        0x2 
 .text.CDC_Control_FS
                0x0000000008009e28      0x170 src/lib/cube_f103/USB_DEVICE/App/usbd_cdc_if.o
 .text.CDC_Receive_FS
                0x0000000008009f98       0x70 src/lib/cube_f103/USB_DEVICE/App/usbd_cdc_if.o
 .text.CDC_Transmit_FS
                0x000000000800a008       0x4c src/lib/cube_f103/USB_DEVICE/App/usbd_cdc_if.o
                0x000000000800a008                CDC_Transmit_FS
 .text.USBD_FS_DeviceDescriptor
                0x000000000800a054       0x24 src/lib/cube_f103/USB_DEVICE/App/usbd_desc.o
                0x000000000800a054                USBD_FS_DeviceDescriptor
 .text.USBD_FS_LangIDStrDescriptor
                0x000000000800a078       0x24 src/lib/cube_f103/USB_DEVICE/App/usbd_desc.o
                0x000000000800a078                USBD_FS_LangIDStrDescriptor
 .text.USBD_FS_ProductStrDescriptor
                0x000000000800a09c       0x3c src/lib/cube_f103/USB_DEVICE/App/usbd_desc.o
                0x000000000800a09c                USBD_FS_ProductStrDescriptor
 .text.USBD_FS_ManufacturerStrDescriptor
                0x000000000800a0d8       0x28 src/lib/cube_f103/USB_DEVICE/App/usbd_desc.o
                0x000000000800a0d8                USBD_FS_ManufacturerStrDescriptor
 .text.USBD_FS_SerialStrDescriptor
                0x000000000800a100       0x24 src/lib/cube_f103/USB_DEVICE/App/usbd_desc.o
                0x000000000800a100                USBD_FS_SerialStrDescriptor
 .text.USBD_FS_ConfigStrDescriptor
                0x000000000800a124       0x3c src/lib/cube_f103/USB_DEVICE/App/usbd_desc.o
                0x000000000800a124                USBD_FS_ConfigStrDescriptor
 .text.USBD_FS_InterfaceStrDescriptor
                0x000000000800a160       0x3c src/lib/cube_f103/USB_DEVICE/App/usbd_desc.o
                0x000000000800a160                USBD_FS_InterfaceStrDescriptor
 .text.Get_SerialNum
                0x000000000800a19c       0x58 src/lib/cube_f103/USB_DEVICE/App/usbd_desc.o
 .text.IntToUnicode
                0x000000000800a1f4       0x7a src/lib/cube_f103/USB_DEVICE/App/usbd_desc.o
 *fill*         0x000000000800a26e        0x2 
 .text.HAL_PCD_MspInit
                0x000000000800a270       0x4c src/lib/cube_f103/USB_DEVICE/Target/usbd_conf.o
                0x000000000800a270                HAL_PCD_MspInit
 .text.HAL_PCD_SetupStageCallback
                0x000000000800a2bc       0x24 src/lib/cube_f103/USB_DEVICE/Target/usbd_conf.o
                0x000000000800a2bc                HAL_PCD_SetupStageCallback
 .text.HAL_PCD_DataOutStageCallback
                0x000000000800a2e0       0x36 src/lib/cube_f103/USB_DEVICE/Target/usbd_conf.o
                0x000000000800a2e0                HAL_PCD_DataOutStageCallback
 .text.HAL_PCD_DataInStageCallback
                0x000000000800a316       0x34 src/lib/cube_f103/USB_DEVICE/Target/usbd_conf.o
                0x000000000800a316                HAL_PCD_DataInStageCallback
 .text.HAL_PCD_SOFCallback
                0x000000000800a34a       0x1c src/lib/cube_f103/USB_DEVICE/Target/usbd_conf.o
                0x000000000800a34a                HAL_PCD_SOFCallback
 .text.HAL_PCD_ResetCallback
                0x000000000800a366       0x3c src/lib/cube_f103/USB_DEVICE/Target/usbd_conf.o
                0x000000000800a366                HAL_PCD_ResetCallback
 *fill*         0x000000000800a3a2        0x2 
 .text.HAL_PCD_SuspendCallback
                0x000000000800a3a4       0x34 src/lib/cube_f103/USB_DEVICE/Target/usbd_conf.o
                0x000000000800a3a4                HAL_PCD_SuspendCallback
 .text.HAL_PCD_ResumeCallback
                0x000000000800a3d8       0x1c src/lib/cube_f103/USB_DEVICE/Target/usbd_conf.o
                0x000000000800a3d8                HAL_PCD_ResumeCallback
 .text.USBD_LL_Init
                0x000000000800a3f4       0xb4 src/lib/cube_f103/USB_DEVICE/Target/usbd_conf.o
                0x000000000800a3f4                USBD_LL_Init
 .text.USBD_LL_Start
                0x000000000800a4a8       0x36 src/lib/cube_f103/USB_DEVICE/Target/usbd_conf.o
                0x000000000800a4a8                USBD_LL_Start
 .text.USBD_LL_OpenEP
                0x000000000800a4de       0x4c src/lib/cube_f103/USB_DEVICE/Target/usbd_conf.o
                0x000000000800a4de                USBD_LL_OpenEP
 .text.USBD_LL_CloseEP
                0x000000000800a52a       0x3e src/lib/cube_f103/USB_DEVICE/Target/usbd_conf.o
                0x000000000800a52a                USBD_LL_CloseEP
 .text.USBD_LL_StallEP
                0x000000000800a568       0x3e src/lib/cube_f103/USB_DEVICE/Target/usbd_conf.o
                0x000000000800a568                USBD_LL_StallEP
 .text.USBD_LL_ClearStallEP
                0x000000000800a5a6       0x3e src/lib/cube_f103/USB_DEVICE/Target/usbd_conf.o
                0x000000000800a5a6                USBD_LL_ClearStallEP
 .text.USBD_LL_IsStallEP
                0x000000000800a5e4       0x58 src/lib/cube_f103/USB_DEVICE/Target/usbd_conf.o
                0x000000000800a5e4                USBD_LL_IsStallEP
 .text.USBD_LL_SetUSBAddress
                0x000000000800a63c       0x3e src/lib/cube_f103/USB_DEVICE/Target/usbd_conf.o
                0x000000000800a63c                USBD_LL_SetUSBAddress
 .text.USBD_LL_Transmit
                0x000000000800a67a       0x46 src/lib/cube_f103/USB_DEVICE/Target/usbd_conf.o
                0x000000000800a67a                USBD_LL_Transmit
 .text.USBD_LL_PrepareReceive
                0x000000000800a6c0       0x46 src/lib/cube_f103/USB_DEVICE/Target/usbd_conf.o
                0x000000000800a6c0                USBD_LL_PrepareReceive
 .text.USBD_LL_GetRxDataSize
                0x000000000800a706       0x26 src/lib/cube_f103/USB_DEVICE/Target/usbd_conf.o
                0x000000000800a706                USBD_LL_GetRxDataSize
 .text.USBD_static_malloc
                0x000000000800a72c       0x18 src/lib/cube_f103/USB_DEVICE/Target/usbd_conf.o
                0x000000000800a72c                USBD_static_malloc
 .text.USBD_static_free
                0x000000000800a744       0x12 src/lib/cube_f103/USB_DEVICE/Target/usbd_conf.o
                0x000000000800a744                USBD_static_free
 .text.HAL_PCDEx_SetConnectionState
                0x000000000800a756       0x16 src/lib/cube_f103/USB_DEVICE/Target/usbd_conf.o
                0x000000000800a756                HAL_PCDEx_SetConnectionState
 .text.USBD_Get_USB_Status
                0x000000000800a76c       0x58 src/lib/cube_f103/USB_DEVICE/Target/usbd_conf.o
 .text.main     0x000000000800a7c4       0x16 src/lib/main.o
                0x000000000800a7c4                main
 *fill*         0x000000000800a7da        0x2 
 .text.__errno  0x000000000800a7dc        0xc c:/st/stm32cubeide_1.4.0/stm32cubeide/plugins/com.st.stm32cube.ide.mcu.externaltools.gnu-tools-for-stm32.7-2018-q2-update.win32_1.4.0.202007081208/tools/bin/../lib/gcc/arm-none-eabi/7.3.1/../../../../arm-none-eabi/lib/thumb/v7-m\libc_nano.a(lib_a-errno.o)
                0x000000000800a7dc                __errno
 .text.__libc_init_array
                0x000000000800a7e8       0x48 c:/st/stm32cubeide_1.4.0/stm32cubeide/plugins/com.st.stm32cube.ide.mcu.externaltools.gnu-tools-for-stm32.7-2018-q2-update.win32_1.4.0.202007081208/tools/bin/../lib/gcc/arm-none-eabi/7.3.1/../../../../arm-none-eabi/lib/thumb/v7-m\libc_nano.a(lib_a-init.o)
                0x000000000800a7e8                __libc_init_array
 .text.memset   0x000000000800a830       0x10 c:/st/stm32cubeide_1.4.0/stm32cubeide/plugins/com.st.stm32cube.ide.mcu.externaltools.gnu-tools-for-stm32.7-2018-q2-update.win32_1.4.0.202007081208/tools/bin/../lib/gcc/arm-none-eabi/7.3.1/../../../../arm-none-eabi/lib/thumb/v7-m\libc_nano.a(lib_a-memset.o)
                0x000000000800a830                memset
 .text.strcpy   0x000000000800a840       0x10 c:/st/stm32cubeide_1.4.0/stm32cubeide/plugins/com.st.stm32cube.ide.mcu.externaltools.gnu-tools-for-stm32.7-2018-q2-update.win32_1.4.0.202007081208/tools/bin/../lib/gcc/arm-none-eabi/7.3.1/../../../../arm-none-eabi/lib/thumb/v7-m\libc_nano.a(lib_a-strcpy.o)
                0x000000000800a840                strcpy
 .text.unlikely.sulp
                0x000000000800a850       0x42 c:/st/stm32cubeide_1.4.0/stm32cubeide/plugins/com.st.stm32cube.ide.mcu.externaltools.gnu-tools-for-stm32.7-2018-q2-update.win32_1.4.0.202007081208/tools/bin/../lib/gcc/arm-none-eabi/7.3.1/../../../../arm-none-eabi/lib/thumb/v7-m\libc_nano.a(lib_a-strtod.o)
 *fill*         0x000000000800a892        0x6 
 .text._strtod_l
                0x000000000800a898      0xc00 c:/st/stm32cubeide_1.4.0/stm32cubeide/plugins/com.st.stm32cube.ide.mcu.externaltools.gnu-tools-for-stm32.7-2018-q2-update.win32_1.4.0.202007081208/tools/bin/../lib/gcc/arm-none-eabi/7.3.1/../../../../arm-none-eabi/lib/thumb/v7-m\libc_nano.a(lib_a-strtod.o)
                0x000000000800a898                _strtod_l
 .text.strtof   0x000000000800b498       0x9c c:/st/stm32cubeide_1.4.0/stm32cubeide/plugins/com.st.stm32cube.ide.mcu.externaltools.gnu-tools-for-stm32.7-2018-q2-update.win32_1.4.0.202007081208/tools/bin/../lib/gcc/arm-none-eabi/7.3.1/../../../../arm-none-eabi/lib/thumb/v7-m\libc_nano.a(lib_a-strtod.o)
                0x000000000800b498                strtof
 .text.__strtok_r
                0x000000000800b534       0x54 c:/st/stm32cubeide_1.4.0/stm32cubeide/plugins/com.st.stm32cube.ide.mcu.externaltools.gnu-tools-for-stm32.7-2018-q2-update.win32_1.4.0.202007081208/tools/bin/../lib/gcc/arm-none-eabi/7.3.1/../../../../arm-none-eabi/lib/thumb/v7-m\libc_nano.a(lib_a-strtok_r.o)
                0x000000000800b534                __strtok_r
 .text.strtok_r
                0x000000000800b588        0x6 c:/st/stm32cubeide_1.4.0/stm32cubeide/plugins/com.st.stm32cube.ide.mcu.externaltools.gnu-tools-for-stm32.7-2018-q2-update.win32_1.4.0.202007081208/tools/bin/../lib/gcc/arm-none-eabi/7.3.1/../../../../arm-none-eabi/lib/thumb/v7-m\libc_nano.a(lib_a-strtok_r.o)
                0x000000000800b588                strtok_r
 .text._strtoul_l.isra.0
                0x000000000800b58e       0xf4 c:/st/stm32cubeide_1.4.0/stm32cubeide/plugins/com.st.stm32cube.ide.mcu.externaltools.gnu-tools-for-stm32.7-2018-q2-update.win32_1.4.0.202007081208/tools/bin/../lib/gcc/arm-none-eabi/7.3.1/../../../../arm-none-eabi/lib/thumb/v7-m\libc_nano.a(lib_a-strtoul.o)
 *fill*         0x000000000800b682        0x2 
 .text.strtoul  0x000000000800b684       0x2c c:/st/stm32cubeide_1.4.0/stm32cubeide/plugins/com.st.stm32cube.ide.mcu.externaltools.gnu-tools-for-stm32.7-2018-q2-update.win32_1.4.0.202007081208/tools/bin/../lib/gcc/arm-none-eabi/7.3.1/../../../../arm-none-eabi/lib/thumb/v7-m\libc_nano.a(lib_a-strtoul.o)
                0x000000000800b684                strtoul
 .text._vsnprintf_r
                0x000000000800b6b0       0x58 c:/st/stm32cubeide_1.4.0/stm32cubeide/plugins/com.st.stm32cube.ide.mcu.externaltools.gnu-tools-for-stm32.7-2018-q2-update.win32_1.4.0.202007081208/tools/bin/../lib/gcc/arm-none-eabi/7.3.1/../../../../arm-none-eabi/lib/thumb/v7-m\libc_nano.a(lib_a-vsnprintf.o)
                0x000000000800b6b0                _vsniprintf_r
                0x000000000800b6b0                _vsnprintf_r
 .text.vsnprintf
                0x000000000800b708       0x1c c:/st/stm32cubeide_1.4.0/stm32cubeide/plugins/com.st.stm32cube.ide.mcu.externaltools.gnu-tools-for-stm32.7-2018-q2-update.win32_1.4.0.202007081208/tools/bin/../lib/gcc/arm-none-eabi/7.3.1/../../../../arm-none-eabi/lib/thumb/v7-m\libc_nano.a(lib_a-vsnprintf.o)
                0x000000000800b708                vsniprintf
                0x000000000800b708                vsnprintf
 .text.rshift   0x000000000800b724       0x76 c:/st/stm32cubeide_1.4.0/stm32cubeide/plugins/com.st.stm32cube.ide.mcu.externaltools.gnu-tools-for-stm32.7-2018-q2-update.win32_1.4.0.202007081208/tools/bin/../lib/gcc/arm-none-eabi/7.3.1/../../../../arm-none-eabi/lib/thumb/v7-m\libc_nano.a(lib_a-gdtoa-gethex.o)
 .text.__hexdig_fun
                0x000000000800b79a       0x2a c:/st/stm32cubeide_1.4.0/stm32cubeide/plugins/com.st.stm32cube.ide.mcu.externaltools.gnu-tools-for-stm32.7-2018-q2-update.win32_1.4.0.202007081208/tools/bin/../lib/gcc/arm-none-eabi/7.3.1/../../../../arm-none-eabi/lib/thumb/v7-m\libc_nano.a(lib_a-gdtoa-gethex.o)
                0x000000000800b79a                __hexdig_fun
 .text.__gethex
                0x000000000800b7c4      0x444 c:/st/stm32cubeide_1.4.0/stm32cubeide/plugins/com.st.stm32cube.ide.mcu.externaltools.gnu-tools-for-stm32.7-2018-q2-update.win32_1.4.0.202007081208/tools/bin/../lib/gcc/arm-none-eabi/7.3.1/../../../../arm-none-eabi/lib/thumb/v7-m\libc_nano.a(lib_a-gdtoa-gethex.o)
                0x000000000800b7c4                __gethex
 .text.L_shift  0x000000000800bc08       0x24 c:/st/stm32cubeide_1.4.0/stm32cubeide/plugins/com.st.stm32cube.ide.mcu.externaltools.gnu-tools-for-stm32.7-2018-q2-update.win32_1.4.0.202007081208/tools/bin/../lib/gcc/arm-none-eabi/7.3.1/../../../../arm-none-eabi/lib/thumb/v7-m\libc_nano.a(lib_a-gdtoa-hexnan.o)
 .text.__match  0x000000000800bc2c       0x28 c:/st/stm32cubeide_1.4.0/stm32cubeide/plugins/com.st.stm32cube.ide.mcu.externaltools.gnu-tools-for-stm32.7-2018-q2-update.win32_1.4.0.202007081208/tools/bin/../lib/gcc/arm-none-eabi/7.3.1/../../../../arm-none-eabi/lib/thumb/v7-m\libc_nano.a(lib_a-gdtoa-hexnan.o)
                0x000000000800bc2c                __match
 .text.__hexnan
                0x000000000800bc54      0x120 c:/st/stm32cubeide_1.4.0/stm32cubeide/plugins/com.st.stm32cube.ide.mcu.externaltools.gnu-tools-for-stm32.7-2018-q2-update.win32_1.4.0.202007081208/tools/bin/../lib/gcc/arm-none-eabi/7.3.1/../../../../arm-none-eabi/lib/thumb/v7-m\libc_nano.a(lib_a-gdtoa-hexnan.o)
                0x000000000800bc54                __hexnan
 .text.__locale_ctype_ptr_l
                0x000000000800bd74        0x6 c:/st/stm32cubeide_1.4.0/stm32cubeide/plugins/com.st.stm32cube.ide.mcu.externaltools.gnu-tools-for-stm32.7-2018-q2-update.win32_1.4.0.202007081208/tools/bin/../lib/gcc/arm-none-eabi/7.3.1/../../../../arm-none-eabi/lib/thumb/v7-m\libc_nano.a(lib_a-locale.o)
                0x000000000800bd74                __locale_ctype_ptr_l
 .text.__localeconv_l
                0x000000000800bd7a        0x4 c:/st/stm32cubeide_1.4.0/stm32cubeide/plugins/com.st.stm32cube.ide.mcu.externaltools.gnu-tools-for-stm32.7-2018-q2-update.win32_1.4.0.202007081208/tools/bin/../lib/gcc/arm-none-eabi/7.3.1/../../../../arm-none-eabi/lib/thumb/v7-m\libc_nano.a(lib_a-localeconv.o)
                0x000000000800bd7a                __localeconv_l
 .text.__ascii_mbtowc
                0x000000000800bd7e       0x24 c:/st/stm32cubeide_1.4.0/stm32cubeide/plugins/com.st.stm32cube.ide.mcu.externaltools.gnu-tools-for-stm32.7-2018-q2-update.win32_1.4.0.202007081208/tools/bin/../lib/gcc/arm-none-eabi/7.3.1/../../../../arm-none-eabi/lib/thumb/v7-m\libc_nano.a(lib_a-mbtowc_r.o)
                0x000000000800bd7e                __ascii_mbtowc
 .text.memcpy   0x000000000800bda2       0x16 c:/st/stm32cubeide_1.4.0/stm32cubeide/plugins/com.st.stm32cube.ide.mcu.externaltools.gnu-tools-for-stm32.7-2018-q2-update.win32_1.4.0.202007081208/tools/bin/../lib/gcc/arm-none-eabi/7.3.1/../../../../arm-none-eabi/lib/thumb/v7-m\libc_nano.a(lib_a-memcpy-stub.o)
                0x000000000800bda2                memcpy
 .text._Balloc  0x000000000800bdb8       0x68 c:/st/stm32cubeide_1.4.0/stm32cubeide/plugins/com.st.stm32cube.ide.mcu.externaltools.gnu-tools-for-stm32.7-2018-q2-update.win32_1.4.0.202007081208/tools/bin/../lib/gcc/arm-none-eabi/7.3.1/../../../../arm-none-eabi/lib/thumb/v7-m\libc_nano.a(lib_a-mprec.o)
                0x000000000800bdb8                _Balloc
 .text._Bfree   0x000000000800be20       0x2e c:/st/stm32cubeide_1.4.0/stm32cubeide/plugins/com.st.stm32cube.ide.mcu.externaltools.gnu-tools-for-stm32.7-2018-q2-update.win32_1.4.0.202007081208/tools/bin/../lib/gcc/arm-none-eabi/7.3.1/../../../../arm-none-eabi/lib/thumb/v7-m\libc_nano.a(lib_a-mprec.o)
                0x000000000800be20                _Bfree
 .text.__multadd
                0x000000000800be4e       0x76 c:/st/stm32cubeide_1.4.0/stm32cubeide/plugins/com.st.stm32cube.ide.mcu.externaltools.gnu-tools-for-stm32.7-2018-q2-update.win32_1.4.0.202007081208/tools/bin/../lib/gcc/arm-none-eabi/7.3.1/../../../../arm-none-eabi/lib/thumb/v7-m\libc_nano.a(lib_a-mprec.o)
                0x000000000800be4e                __multadd
 .text.__s2b    0x000000000800bec4       0x7c c:/st/stm32cubeide_1.4.0/stm32cubeide/plugins/com.st.stm32cube.ide.mcu.externaltools.gnu-tools-for-stm32.7-2018-q2-update.win32_1.4.0.202007081208/tools/bin/../lib/gcc/arm-none-eabi/7.3.1/../../../../arm-none-eabi/lib/thumb/v7-m\libc_nano.a(lib_a-mprec.o)
                0x000000000800bec4                __s2b
 .text.__hi0bits
                0x000000000800bf40       0x3e c:/st/stm32cubeide_1.4.0/stm32cubeide/plugins/com.st.stm32cube.ide.mcu.externaltools.gnu-tools-for-stm32.7-2018-q2-update.win32_1.4.0.202007081208/tools/bin/../lib/gcc/arm-none-eabi/7.3.1/../../../../arm-none-eabi/lib/thumb/v7-m\libc_nano.a(lib_a-mprec.o)
                0x000000000800bf40                __hi0bits
 .text.__lo0bits
                0x000000000800bf7e       0x5e c:/st/stm32cubeide_1.4.0/stm32cubeide/plugins/com.st.stm32cube.ide.mcu.externaltools.gnu-tools-for-stm32.7-2018-q2-update.win32_1.4.0.202007081208/tools/bin/../lib/gcc/arm-none-eabi/7.3.1/../../../../arm-none-eabi/lib/thumb/v7-m\libc_nano.a(lib_a-mprec.o)
                0x000000000800bf7e                __lo0bits
 .text.__i2b    0x000000000800bfdc       0x12 c:/st/stm32cubeide_1.4.0/stm32cubeide/plugins/com.st.stm32cube.ide.mcu.externaltools.gnu-tools-for-stm32.7-2018-q2-update.win32_1.4.0.202007081208/tools/bin/../lib/gcc/arm-none-eabi/7.3.1/../../../../arm-none-eabi/lib/thumb/v7-m\libc_nano.a(lib_a-mprec.o)
                0x000000000800bfdc                __i2b
 .text.__multiply
                0x000000000800bfee      0x12a c:/st/stm32cubeide_1.4.0/stm32cubeide/plugins/com.st.stm32cube.ide.mcu.externaltools.gnu-tools-for-stm32.7-2018-q2-update.win32_1.4.0.202007081208/tools/bin/../lib/gcc/arm-none-eabi/7.3.1/../../../../arm-none-eabi/lib/thumb/v7-m\libc_nano.a(lib_a-mprec.o)
                0x000000000800bfee                __multiply
 .text.__pow5mult
                0x000000000800c118       0x9c c:/st/stm32cubeide_1.4.0/stm32cubeide/plugins/com.st.stm32cube.ide.mcu.externaltools.gnu-tools-for-stm32.7-2018-q2-update.win32_1.4.0.202007081208/tools/bin/../lib/gcc/arm-none-eabi/7.3.1/../../../../arm-none-eabi/lib/thumb/v7-m\libc_nano.a(lib_a-mprec.o)
                0x000000000800c118                __pow5mult
 .text.__lshift
                0x000000000800c1b4       0xa8 c:/st/stm32cubeide_1.4.0/stm32cubeide/plugins/com.st.stm32cube.ide.mcu.externaltools.gnu-tools-for-stm32.7-2018-q2-update.win32_1.4.0.202007081208/tools/bin/../lib/gcc/arm-none-eabi/7.3.1/../../../../arm-none-eabi/lib/thumb/v7-m\libc_nano.a(lib_a-mprec.o)
                0x000000000800c1b4                __lshift
 .text.__mcmp   0x000000000800c25c       0x34 c:/st/stm32cubeide_1.4.0/stm32cubeide/plugins/com.st.stm32cube.ide.mcu.externaltools.gnu-tools-for-stm32.7-2018-q2-update.win32_1.4.0.202007081208/tools/bin/../lib/gcc/arm-none-eabi/7.3.1/../../../../arm-none-eabi/lib/thumb/v7-m\libc_nano.a(lib_a-mprec.o)
                0x000000000800c25c                __mcmp
 .text.__mdiff  0x000000000800c290       0xbc c:/st/stm32cubeide_1.4.0/stm32cubeide/plugins/com.st.stm32cube.ide.mcu.externaltools.gnu-tools-for-stm32.7-2018-q2-update.win32_1.4.0.202007081208/tools/bin/../lib/gcc/arm-none-eabi/7.3.1/../../../../arm-none-eabi/lib/thumb/v7-m\libc_nano.a(lib_a-mprec.o)
                0x000000000800c290                __mdiff
 .text.__ulp    0x000000000800c34c       0x48 c:/st/stm32cubeide_1.4.0/stm32cubeide/plugins/com.st.stm32cube.ide.mcu.externaltools.gnu-tools-for-stm32.7-2018-q2-update.win32_1.4.0.202007081208/tools/bin/../lib/gcc/arm-none-eabi/7.3.1/../../../../arm-none-eabi/lib/thumb/v7-m\libc_nano.a(lib_a-mprec.o)
                0x000000000800c34c                __ulp
 .text.__b2d    0x000000000800c394       0xa4 c:/st/stm32cubeide_1.4.0/stm32cubeide/plugins/com.st.stm32cube.ide.mcu.externaltools.gnu-tools-for-stm32.7-2018-q2-update.win32_1.4.0.202007081208/tools/bin/../lib/gcc/arm-none-eabi/7.3.1/../../../../arm-none-eabi/lib/thumb/v7-m\libc_nano.a(lib_a-mprec.o)
                0x000000000800c394                __b2d
 .text.__d2b    0x000000000800c438       0x9e c:/st/stm32cubeide_1.4.0/stm32cubeide/plugins/com.st.stm32cube.ide.mcu.externaltools.gnu-tools-for-stm32.7-2018-q2-update.win32_1.4.0.202007081208/tools/bin/../lib/gcc/arm-none-eabi/7.3.1/../../../../arm-none-eabi/lib/thumb/v7-m\libc_nano.a(lib_a-mprec.o)
                0x000000000800c438                __d2b
 .text.__ratio  0x000000000800c4d6       0x5c c:/st/stm32cubeide_1.4.0/stm32cubeide/plugins/com.st.stm32cube.ide.mcu.externaltools.gnu-tools-for-stm32.7-2018-q2-update.win32_1.4.0.202007081208/tools/bin/../lib/gcc/arm-none-eabi/7.3.1/../../../../arm-none-eabi/lib/thumb/v7-m\libc_nano.a(lib_a-mprec.o)
                0x000000000800c4d6                __ratio
 .text.__copybits
                0x000000000800c532       0x34 c:/st/stm32cubeide_1.4.0/stm32cubeide/plugins/com.st.stm32cube.ide.mcu.externaltools.gnu-tools-for-stm32.7-2018-q2-update.win32_1.4.0.202007081208/tools/bin/../lib/gcc/arm-none-eabi/7.3.1/../../../../arm-none-eabi/lib/thumb/v7-m\libc_nano.a(lib_a-mprec.o)
                0x000000000800c532                __copybits
 .text.__any_on
                0x000000000800c566       0x42 c:/st/stm32cubeide_1.4.0/stm32cubeide/plugins/com.st.stm32cube.ide.mcu.externaltools.gnu-tools-for-stm32.7-2018-q2-update.win32_1.4.0.202007081208/tools/bin/../lib/gcc/arm-none-eabi/7.3.1/../../../../arm-none-eabi/lib/thumb/v7-m\libc_nano.a(lib_a-mprec.o)
                0x000000000800c566                __any_on
 .text._calloc_r
                0x000000000800c5a8       0x1c c:/st/stm32cubeide_1.4.0/stm32cubeide/plugins/com.st.stm32cube.ide.mcu.externaltools.gnu-tools-for-stm32.7-2018-q2-update.win32_1.4.0.202007081208/tools/bin/../lib/gcc/arm-none-eabi/7.3.1/../../../../arm-none-eabi/lib/thumb/v7-m\libc_nano.a(lib_a-nano-callocr.o)
                0x000000000800c5a8                _calloc_r
 .text._malloc_r
                0x000000000800c5c4       0xb4 c:/st/stm32cubeide_1.4.0/stm32cubeide/plugins/com.st.stm32cube.ide.mcu.externaltools.gnu-tools-for-stm32.7-2018-q2-update.win32_1.4.0.202007081208/tools/bin/../lib/gcc/arm-none-eabi/7.3.1/../../../../arm-none-eabi/lib/thumb/v7-m\libc_nano.a(lib_a-nano-mallocr.o)
                0x000000000800c5c4                _malloc_r
 .text.__ssputs_r
                0x000000000800c678       0xb4 c:/st/stm32cubeide_1.4.0/stm32cubeide/plugins/com.st.stm32cube.ide.mcu.externaltools.gnu-tools-for-stm32.7-2018-q2-update.win32_1.4.0.202007081208/tools/bin/../lib/gcc/arm-none-eabi/7.3.1/../../../../arm-none-eabi/lib/thumb/v7-m\libc_nano.a(lib_a-nano-svfprintf.o)
                0x000000000800c678                __ssputs_r
 .text._svfprintf_r
                0x000000000800c72c      0x1f0 c:/st/stm32cubeide_1.4.0/stm32cubeide/plugins/com.st.stm32cube.ide.mcu.externaltools.gnu-tools-for-stm32.7-2018-q2-update.win32_1.4.0.202007081208/tools/bin/../lib/gcc/arm-none-eabi/7.3.1/../../../../arm-none-eabi/lib/thumb/v7-m\libc_nano.a(lib_a-nano-svfprintf.o)
                0x000000000800c72c                _svfiprintf_r
                0x000000000800c72c                _svfprintf_r
 .text._printf_common
                0x000000000800c91c       0xec c:/st/stm32cubeide_1.4.0/stm32cubeide/plugins/com.st.stm32cube.ide.mcu.externaltools.gnu-tools-for-stm32.7-2018-q2-update.win32_1.4.0.202007081208/tools/bin/../lib/gcc/arm-none-eabi/7.3.1/../../../../arm-none-eabi/lib/thumb/v7-m\libc_nano.a(lib_a-nano-vfprintf_i.o)
                0x000000000800c91c                _printf_common
 .text._printf_i
                0x000000000800ca08      0x224 c:/st/stm32cubeide_1.4.0/stm32cubeide/plugins/com.st.stm32cube.ide.mcu.externaltools.gnu-tools-for-stm32.7-2018-q2-update.win32_1.4.0.202007081208/tools/bin/../lib/gcc/arm-none-eabi/7.3.1/../../../../arm-none-eabi/lib/thumb/v7-m\libc_nano.a(lib_a-nano-vfprintf_i.o)
                0x000000000800ca08                _printf_i
 .text._sbrk_r  0x000000000800cc2c       0x20 c:/st/stm32cubeide_1.4.0/stm32cubeide/plugins/com.st.stm32cube.ide.mcu.externaltools.gnu-tools-for-stm32.7-2018-q2-update.win32_1.4.0.202007081208/tools/bin/../lib/gcc/arm-none-eabi/7.3.1/../../../../arm-none-eabi/lib/thumb/v7-m\libc_nano.a(lib_a-sbrkr.o)
                0x000000000800cc2c                _sbrk_r
 .text.nanf     0x000000000800cc4c        0x8 c:/st/stm32cubeide_1.4.0/stm32cubeide/plugins/com.st.stm32cube.ide.mcu.externaltools.gnu-tools-for-stm32.7-2018-q2-update.win32_1.4.0.202007081208/tools/bin/../lib/gcc/arm-none-eabi/7.3.1/../../../../arm-none-eabi/lib/thumb/v7-m\libc_nano.a(lib_a-sf_nan.o)
                0x000000000800cc4c                nanf
 .text.strncmp  0x000000000800cc54       0x24 c:/st/stm32cubeide_1.4.0/stm32cubeide/plugins/com.st.stm32cube.ide.mcu.externaltools.gnu-tools-for-stm32.7-2018-q2-update.win32_1.4.0.202007081208/tools/bin/../lib/gcc/arm-none-eabi/7.3.1/../../../../arm-none-eabi/lib/thumb/v7-m\libc_nano.a(lib_a-strncmp.o)
                0x000000000800cc54                strncmp
 .text.__ascii_wctomb
                0x000000000800cc78       0x1a c:/st/stm32cubeide_1.4.0/stm32cubeide/plugins/com.st.stm32cube.ide.mcu.externaltools.gnu-tools-for-stm32.7-2018-q2-update.win32_1.4.0.202007081208/tools/bin/../lib/gcc/arm-none-eabi/7.3.1/../../../../arm-none-eabi/lib/thumb/v7-m\libc_nano.a(lib_a-wctomb_r.o)
                0x000000000800cc78                __ascii_wctomb
 *fill*         0x000000000800cc92        0x2 
 .text.malloc   0x000000000800cc94       0x10 c:/st/stm32cubeide_1.4.0/stm32cubeide/plugins/com.st.stm32cube.ide.mcu.externaltools.gnu-tools-for-stm32.7-2018-q2-update.win32_1.4.0.202007081208/tools/bin/../lib/gcc/arm-none-eabi/7.3.1/../../../../arm-none-eabi/lib/thumb/v7-m\libc_nano.a(lib_a-malloc.o)
                0x000000000800cc94                malloc
 .text.memchr   0x000000000800cca4       0x1c c:/st/stm32cubeide_1.4.0/stm32cubeide/plugins/com.st.stm32cube.ide.mcu.externaltools.gnu-tools-for-stm32.7-2018-q2-update.win32_1.4.0.202007081208/tools/bin/../lib/gcc/arm-none-eabi/7.3.1/../../../../arm-none-eabi/lib/thumb/v7-m\libc_nano.a(lib_a-memchr-stub.o)
                0x000000000800cca4                memchr
 .text.memmove  0x000000000800ccc0       0x32 c:/st/stm32cubeide_1.4.0/stm32cubeide/plugins/com.st.stm32cube.ide.mcu.externaltools.gnu-tools-for-stm32.7-2018-q2-update.win32_1.4.0.202007081208/tools/bin/../lib/gcc/arm-none-eabi/7.3.1/../../../../arm-none-eabi/lib/thumb/v7-m\libc_nano.a(lib_a-memmove.o)
                0x000000000800ccc0                memmove
 .text.__malloc_lock
                0x000000000800ccf2        0x2 c:/st/stm32cubeide_1.4.0/stm32cubeide/plugins/com.st.stm32cube.ide.mcu.externaltools.gnu-tools-for-stm32.7-2018-q2-update.win32_1.4.0.202007081208/tools/bin/../lib/gcc/arm-none-eabi/7.3.1/../../../../arm-none-eabi/lib/thumb/v7-m\libc_nano.a(lib_a-mlock.o)
                0x000000000800ccf2                __malloc_lock
 .text.__malloc_unlock
                0x000000000800ccf4        0x2 c:/st/stm32cubeide_1.4.0/stm32cubeide/plugins/com.st.stm32cube.ide.mcu.externaltools.gnu-tools-for-stm32.7-2018-q2-update.win32_1.4.0.202007081208/tools/bin/../lib/gcc/arm-none-eabi/7.3.1/../../../../arm-none-eabi/lib/thumb/v7-m\libc_nano.a(lib_a-mlock.o)
                0x000000000800ccf4                __malloc_unlock
 *fill*         0x000000000800ccf6        0x2 
 .text._free_r  0x000000000800ccf8       0x98 c:/st/stm32cubeide_1.4.0/stm32cubeide/plugins/com.st.stm32cube.ide.mcu.externaltools.gnu-tools-for-stm32.7-2018-q2-update.win32_1.4.0.202007081208/tools/bin/../lib/gcc/arm-none-eabi/7.3.1/../../../../arm-none-eabi/lib/thumb/v7-m\libc_nano.a(lib_a-nano-freer.o)
                0x000000000800ccf8                _free_r
 .text._realloc_r
                0x000000000800cd90       0x4c c:/st/stm32cubeide_1.4.0/stm32cubeide/plugins/com.st.stm32cube.ide.mcu.externaltools.gnu-tools-for-stm32.7-2018-q2-update.win32_1.4.0.202007081208/tools/bin/../lib/gcc/arm-none-eabi/7.3.1/../../../../arm-none-eabi/lib/thumb/v7-m\libc_nano.a(lib_a-nano-reallocr.o)
                0x000000000800cd90                _realloc_r
 .text._malloc_usable_size_r
                0x000000000800cddc       0x10 c:/st/stm32cubeide_1.4.0/stm32cubeide/plugins/com.st.stm32cube.ide.mcu.externaltools.gnu-tools-for-stm32.7-2018-q2-update.win32_1.4.0.202007081208/tools/bin/../lib/gcc/arm-none-eabi/7.3.1/../../../../arm-none-eabi/lib/thumb/v7-m\libc_nano.a(lib_a-nano-msizer.o)
                0x000000000800cddc                _malloc_usable_size_r
 *(.glue_7)
 .glue_7        0x000000000800cdec        0x0 linker stubs
 *(.glue_7t)
 .glue_7t       0x000000000800cdec        0x0 linker stubs
 *(.eh_frame)
 .eh_frame      0x000000000800cdec        0x0 c:/st/stm32cubeide_1.4.0/stm32cubeide/plugins/com.st.stm32cube.ide.mcu.externaltools.gnu-tools-for-stm32.7-2018-q2-update.win32_1.4.0.202007081208/tools/bin/../lib/gcc/arm-none-eabi/7.3.1/thumb/v7-m/crtbegin.o
 *(.init)
 .init          0x000000000800cdec        0x4 c:/st/stm32cubeide_1.4.0/stm32cubeide/plugins/com.st.stm32cube.ide.mcu.externaltools.gnu-tools-for-stm32.7-2018-q2-update.win32_1.4.0.202007081208/tools/bin/../lib/gcc/arm-none-eabi/7.3.1/thumb/v7-m/crti.o
                0x000000000800cdec                _init
 .init          0x000000000800cdf0        0x8 c:/st/stm32cubeide_1.4.0/stm32cubeide/plugins/com.st.stm32cube.ide.mcu.externaltools.gnu-tools-for-stm32.7-2018-q2-update.win32_1.4.0.202007081208/tools/bin/../lib/gcc/arm-none-eabi/7.3.1/thumb/v7-m/crtn.o
 *(.fini)
 .fini          0x000000000800cdf8        0x4 c:/st/stm32cubeide_1.4.0/stm32cubeide/plugins/com.st.stm32cube.ide.mcu.externaltools.gnu-tools-for-stm32.7-2018-q2-update.win32_1.4.0.202007081208/tools/bin/../lib/gcc/arm-none-eabi/7.3.1/thumb/v7-m/crti.o
                0x000000000800cdf8                _fini
 .fini          0x000000000800cdfc        0x8 c:/st/stm32cubeide_1.4.0/stm32cubeide/plugins/com.st.stm32cube.ide.mcu.externaltools.gnu-tools-for-stm32.7-2018-q2-update.win32_1.4.0.202007081208/tools/bin/../lib/gcc/arm-none-eabi/7.3.1/thumb/v7-m/crtn.o
                0x000000000800ce04                . = ALIGN (0x4)
                0x000000000800ce04                _etext = .

.vfp11_veneer   0x000000000800ce04        0x0
 .vfp11_veneer  0x000000000800ce04        0x0 linker stubs

.v4_bx          0x000000000800ce04        0x0
 .v4_bx         0x000000000800ce04        0x0 linker stubs

.iplt           0x000000000800ce04        0x0
 .iplt          0x000000000800ce04        0x0 c:/st/stm32cubeide_1.4.0/stm32cubeide/plugins/com.st.stm32cube.ide.mcu.externaltools.gnu-tools-for-stm32.7-2018-q2-update.win32_1.4.0.202007081208/tools/bin/../lib/gcc/arm-none-eabi/7.3.1/thumb/v7-m/crtbegin.o

.rodata         0x000000000800ce08      0x4b8
                0x000000000800ce08                . = ALIGN (0x4)
 *(.rodata)
 .rodata        0x000000000800ce08        0xb src/ap/ap.o
 *fill*         0x000000000800ce13        0x1 
 .rodata        0x000000000800ce14      0x15f src/hw/driver/cli.o
 *fill*         0x000000000800cf73        0x1 
 .rodata        0x000000000800cf74       0x26 src/hw/driver/led.o
 *fill*         0x000000000800cf9a        0x2 
 .rodata        0x000000000800cf9c       0x12 src/lib/cube_f103/Drivers/STM32F1xx_HAL_Driver/Src/stm32f1xx_hal_rcc.o
 *fill*         0x000000000800cfae        0x2 
 .rodata        0x000000000800cfb0       0x12 src/lib/cube_f103/Drivers/STM32F1xx_HAL_Driver/Src/stm32f1xx_hal_rcc_ex.o
 *fill*         0x000000000800cfc2        0x2 
 .rodata        0x000000000800cfc4       0x46 src/lib/cube_f103/USB_DEVICE/App/usbd_desc.o
 *(.rodata*)
 *fill*         0x000000000800d00a        0x2 
 .rodata.AHBPrescTable
                0x000000000800d00c       0x10 src/bsp/system_stm32f1xx.o
                0x000000000800d00c                AHBPrescTable
 .rodata.APBPrescTable
                0x000000000800d01c        0x8 src/bsp/system_stm32f1xx.o
                0x000000000800d01c                APBPrescTable
 .rodata._strtod_l.str1.1
                0x000000000800d024        0xc c:/st/stm32cubeide_1.4.0/stm32cubeide/plugins/com.st.stm32cube.ide.mcu.externaltools.gnu-tools-for-stm32.7-2018-q2-update.win32_1.4.0.202007081208/tools/bin/../lib/gcc/arm-none-eabi/7.3.1/../../../../arm-none-eabi/lib/thumb/v7-m\libc_nano.a(lib_a-strtod.o)
 .rodata.fpi.6160
                0x000000000800d030       0x14 c:/st/stm32cubeide_1.4.0/stm32cubeide/plugins/com.st.stm32cube.ide.mcu.externaltools.gnu-tools-for-stm32.7-2018-q2-update.win32_1.4.0.202007081208/tools/bin/../lib/gcc/arm-none-eabi/7.3.1/../../../../arm-none-eabi/lib/thumb/v7-m\libc_nano.a(lib_a-strtod.o)
 .rodata.fpinan.6196
                0x000000000800d044       0x14 c:/st/stm32cubeide_1.4.0/stm32cubeide/plugins/com.st.stm32cube.ide.mcu.externaltools.gnu-tools-for-stm32.7-2018-q2-update.win32_1.4.0.202007081208/tools/bin/../lib/gcc/arm-none-eabi/7.3.1/../../../../arm-none-eabi/lib/thumb/v7-m\libc_nano.a(lib_a-strtod.o)
 .rodata.tinytens
                0x000000000800d058       0x28 c:/st/stm32cubeide_1.4.0/stm32cubeide/plugins/com.st.stm32cube.ide.mcu.externaltools.gnu-tools-for-stm32.7-2018-q2-update.win32_1.4.0.202007081208/tools/bin/../lib/gcc/arm-none-eabi/7.3.1/../../../../arm-none-eabi/lib/thumb/v7-m\libc_nano.a(lib_a-strtod.o)
 .rodata._setlocale_r.str1.1
                0x000000000800d080        0x8 c:/st/stm32cubeide_1.4.0/stm32cubeide/plugins/com.st.stm32cube.ide.mcu.externaltools.gnu-tools-for-stm32.7-2018-q2-update.win32_1.4.0.202007081208/tools/bin/../lib/gcc/arm-none-eabi/7.3.1/../../../../arm-none-eabi/lib/thumb/v7-m\libc_nano.a(lib_a-locale.o)
                                          0x9 (size before relaxing)
 .rodata.str1.1
                0x000000000800d088        0x2 c:/st/stm32cubeide_1.4.0/stm32cubeide/plugins/com.st.stm32cube.ide.mcu.externaltools.gnu-tools-for-stm32.7-2018-q2-update.win32_1.4.0.202007081208/tools/bin/../lib/gcc/arm-none-eabi/7.3.1/../../../../arm-none-eabi/lib/thumb/v7-m\libc_nano.a(lib_a-locale.o)
 *fill*         0x000000000800d08a        0x6 
 .rodata.__mprec_bigtens
                0x000000000800d090       0x28 c:/st/stm32cubeide_1.4.0/stm32cubeide/plugins/com.st.stm32cube.ide.mcu.externaltools.gnu-tools-for-stm32.7-2018-q2-update.win32_1.4.0.202007081208/tools/bin/../lib/gcc/arm-none-eabi/7.3.1/../../../../arm-none-eabi/lib/thumb/v7-m\libc_nano.a(lib_a-mprec.o)
                0x000000000800d090                __mprec_bigtens
 .rodata.__mprec_tens
                0x000000000800d0b8       0xc8 c:/st/stm32cubeide_1.4.0/stm32cubeide/plugins/com.st.stm32cube.ide.mcu.externaltools.gnu-tools-for-stm32.7-2018-q2-update.win32_1.4.0.202007081208/tools/bin/../lib/gcc/arm-none-eabi/7.3.1/../../../../arm-none-eabi/lib/thumb/v7-m\libc_nano.a(lib_a-mprec.o)
                0x000000000800d0b8                __mprec_tens
 .rodata.p05.6084
                0x000000000800d180        0xc c:/st/stm32cubeide_1.4.0/stm32cubeide/plugins/com.st.stm32cube.ide.mcu.externaltools.gnu-tools-for-stm32.7-2018-q2-update.win32_1.4.0.202007081208/tools/bin/../lib/gcc/arm-none-eabi/7.3.1/../../../../arm-none-eabi/lib/thumb/v7-m\libc_nano.a(lib_a-mprec.o)
 .rodata._svfprintf_r.str1.1
                0x000000000800d18c       0x11 c:/st/stm32cubeide_1.4.0/stm32cubeide/plugins/com.st.stm32cube.ide.mcu.externaltools.gnu-tools-for-stm32.7-2018-q2-update.win32_1.4.0.202007081208/tools/bin/../lib/gcc/arm-none-eabi/7.3.1/../../../../arm-none-eabi/lib/thumb/v7-m\libc_nano.a(lib_a-nano-svfprintf.o)
 .rodata._printf_i.str1.1
                0x000000000800d19d       0x22 c:/st/stm32cubeide_1.4.0/stm32cubeide/plugins/com.st.stm32cube.ide.mcu.externaltools.gnu-tools-for-stm32.7-2018-q2-update.win32_1.4.0.202007081208/tools/bin/../lib/gcc/arm-none-eabi/7.3.1/../../../../arm-none-eabi/lib/thumb/v7-m\libc_nano.a(lib_a-nano-vfprintf_i.o)
 .rodata._ctype_
                0x000000000800d1bf      0x101 c:/st/stm32cubeide_1.4.0/stm32cubeide/plugins/com.st.stm32cube.ide.mcu.externaltools.gnu-tools-for-stm32.7-2018-q2-update.win32_1.4.0.202007081208/tools/bin/../lib/gcc/arm-none-eabi/7.3.1/../../../../arm-none-eabi/lib/thumb/v7-m\libc_nano.a(lib_a-ctype_.o)
                0x000000000800d1bf                _ctype_
                0x000000000800d2c0                . = ALIGN (0x4)

.rel.dyn        0x000000000800d2c0        0x0
 .rel.iplt      0x000000000800d2c0        0x0 c:/st/stm32cubeide_1.4.0/stm32cubeide/plugins/com.st.stm32cube.ide.mcu.externaltools.gnu-tools-for-stm32.7-2018-q2-update.win32_1.4.0.202007081208/tools/bin/../lib/gcc/arm-none-eabi/7.3.1/thumb/v7-m/crtbegin.o

.ARM.extab      0x000000000800d2c0        0x0
                0x000000000800d2c0                . = ALIGN (0x4)
 *(.ARM.extab* .gnu.linkonce.armextab.*)
                0x000000000800d2c0                . = ALIGN (0x4)

.ARM            0x000000000800d2c0        0x0
                0x000000000800d2c0                . = ALIGN (0x4)
                0x000000000800d2c0                __exidx_start = .
 *(.ARM.exidx*)
                0x000000000800d2c0                __exidx_end = .
                0x000000000800d2c0                . = ALIGN (0x4)

.preinit_array  0x000000000800d2c0        0x0
                0x000000000800d2c0                . = ALIGN (0x4)
                0x000000000800d2c0                PROVIDE (__preinit_array_start = .)
 *(.preinit_array*)
                0x000000000800d2c0                PROVIDE (__preinit_array_end = .)
                0x000000000800d2c0                . = ALIGN (0x4)

.init_array     0x000000000800d2c0        0x4
                0x000000000800d2c0                . = ALIGN (0x4)
                0x000000000800d2c0                PROVIDE (__init_array_start = .)
 *(SORT_BY_NAME(.init_array.*))
 *(.init_array*)
 .init_array    0x000000000800d2c0        0x4 c:/st/stm32cubeide_1.4.0/stm32cubeide/plugins/com.st.stm32cube.ide.mcu.externaltools.gnu-tools-for-stm32.7-2018-q2-update.win32_1.4.0.202007081208/tools/bin/../lib/gcc/arm-none-eabi/7.3.1/thumb/v7-m/crtbegin.o
                0x000000000800d2c4                PROVIDE (__init_array_end = .)
                0x000000000800d2c4                . = ALIGN (0x4)

.fini_array     0x000000000800d2c4        0x4
                0x000000000800d2c4                . = ALIGN (0x4)
                [!provide]                        PROVIDE (__fini_array_start = .)
 *(SORT_BY_NAME(.fini_array.*))
 *(.fini_array*)
 .fini_array    0x000000000800d2c4        0x4 c:/st/stm32cubeide_1.4.0/stm32cubeide/plugins/com.st.stm32cube.ide.mcu.externaltools.gnu-tools-for-stm32.7-2018-q2-update.win32_1.4.0.202007081208/tools/bin/../lib/gcc/arm-none-eabi/7.3.1/thumb/v7-m/crtbegin.o
                [!provide]                        PROVIDE (__fini_array_end = .)
                0x000000000800d2c8                . = ALIGN (0x4)